\BOOKMARK [1][-]{section*.2}{\376\377\000R\000e\000s\000u\000m\000e\000n\000\040\000e\000j\000e\000c\000u\000t\000i\000v\000o}{}% 1
\BOOKMARK [2][-]{section*.3}{\376\377\000I\000n\000t\000r\000o\000d\000u\000c\000c\000i\000\363\000n}{section*.2}% 2
\BOOKMARK [3][-]{section*.4}{\376\377\000M\000o\000t\000i\000v\000a\000c\000i\000o\000n\000e\000s}{section*.3}% 3
\BOOKMARK [3][-]{section*.5}{\376\377\000A\000n\000t\000e\000c\000e\000d\000e\000n\000t\000e\000s}{section*.3}% 4
\BOOKMARK [3][-]{section*.6}{\376\377\000P\000l\000a\000n\000t\000e\000o\000\040\000d\000e\000l\000\040\000p\000r\000o\000b\000l\000e\000m\000a}{section*.3}% 5
\BOOKMARK [3][-]{section*.7}{\376\377\000J\000u\000s\000t\000i\000f\000i\000c\000a\000c\000i\000\363\000n\000\040\000e\000\040\000i\000m\000p\000a\000c\000t\000o}{section*.3}% 6
\BOOKMARK [3][-]{section*.8}{\376\377\000H\000i\000p\000\363\000t\000e\000s\000i\000s\000\040\000y\000\040\000o\000b\000j\000e\000t\000i\000v\000o\000s}{section*.3}% 7
\BOOKMARK [2][-]{section*.9}{\376\377\000M\000e\000t\000o\000d\000o\000l\000o\000g\000\355\000a}{section*.2}% 8
\BOOKMARK [3][-]{section*.10}{\376\377\000E\000n\000f\000o\000q\000u\000e\000\040\000e\000x\000p\000e\000r\000i\000m\000e\000n\000t\000a\000l}{section*.9}% 9
\BOOKMARK [3][-]{section*.11}{\376\377\000E\000t\000a\000p\000a\000s\000\040\000d\000e\000\040\000t\000r\000a\000b\000a\000j\000o}{section*.9}% 10
\BOOKMARK [3][-]{section*.12}{\376\377\000E\000m\000b\000e\000d\000d\000i\000n\000g\000s\000\040\000y\000\040\000b\000a\000s\000e\000s\000\040\000v\000e\000c\000t\000o\000r\000i\000a\000l\000e\000s}{section*.9}% 11
\BOOKMARK [3][-]{section*.13}{\376\377\000H\000e\000r\000r\000a\000m\000i\000e\000n\000t\000a\000s\000\040\000d\000e\000\040\000s\000o\000p\000o\000r\000t\000e}{section*.9}% 12
\BOOKMARK [3][-]{section*.14}{\376\377\000B\000\372\000s\000q\000u\000e\000d\000a\000\040\000p\000o\000r\000\040\000s\000i\000m\000i\000l\000i\000t\000u\000d\000\040\000y\000\040\000d\000i\000s\000t\000a\000n\000c\000i\000a\000\040\000c\000o\000s\000e\000n\000o}{section*.9}% 13
\BOOKMARK [3][-]{section*.15}{\376\377\000P\000a\000t\000r\000\363\000n\000\040\000d\000e\000\040\000d\000e\000s\000a\000r\000r\000o\000l\000l\000o}{section*.9}% 14
\BOOKMARK [2][-]{section*.16}{\376\377\000R\000e\000s\000u\000l\000t\000a\000d\000o\000s}{section*.2}% 15
\BOOKMARK [3][-]{section*.17}{\376\377\000E\000t\000a\000p\000a\000\040\0001\000\040\040\024\000\040\000E\000x\000p\000e\000r\000i\000m\000e\000n\000t\000o\000s\000\040\000d\000e\000\040\000p\000r\000o\000m\000p\000t\000i\000n\000g\000\040\000f\000o\000c\000a\000l\000i\000z\000a\000d\000o\000s\000\040\000\050\000R\000e\000d\000i\000s\000\040\000+\000\040\000F\000A\000I\000S\000S\000\051}{section*.16}% 16
\BOOKMARK [3][-]{section*.18}{\376\377\000E\000t\000a\000p\000a\000\040\0002\000\040\040\024\000\040\000I\000n\000g\000e\000s\000t\000i\000\363\000n\000\040\000d\000e\000\040\000d\000o\000c\000u\000m\000e\000n\000t\000o\000s\000\040\000r\000e\000a\000l\000e\000s}{section*.16}% 17
\BOOKMARK [3][-]{section*.19}{\376\377\000E\000t\000a\000p\000a\000\040\0003\000\040\040\024\000\040\000G\000e\000n\000e\000r\000a\000c\000i\000\363\000n\000\040\000d\000e\000\040\000d\000a\000t\000o\000s\000\040\000s\000i\000n\000t\000\351\000t\000i\000c\000o\000s}{section*.16}% 18
\BOOKMARK [3][-]{section*.20}{\376\377\000E\000t\000a\000p\000a\000\040\0004\000a\000\040\040\024\000\040\000B\000a\000s\000e\000\040\000d\000e\000\040\000g\000r\000a\000f\000o\000s\000\040\000\050\000A\000r\000a\000n\000g\000o\000D\000B\000\051}{section*.16}% 19
\BOOKMARK [3][-]{section*.21}{\376\377\000E\000t\000a\000p\000a\000\040\0004\000b\000\040\040\024\000\040\000B\000a\000s\000e\000\040\000d\000o\000c\000u\000m\000e\000n\000t\000a\000l\000\040\000c\000o\000n\000\040\000s\000o\000p\000o\000r\000t\000e\000\040\000v\000e\000c\000t\000o\000r\000i\000a\000l\000\040\000\050\000M\000o\000n\000g\000o\000D\000B\000\040\000A\000t\000l\000a\000s\000\051\000:\000\040\000a\000r\000q\000u\000i\000t\000e\000c\000t\000u\000r\000a\000\040\000f\000i\000n\000a\000l}{section*.16}% 20
\BOOKMARK [3][-]{section*.22}{\376\377\000C\000o\000m\000p\000o\000n\000e\000n\000t\000e\000s\000\040\000d\000e\000l\000\040\000s\000i\000s\000t\000e\000m\000a}{section*.16}% 21
\BOOKMARK [2][-]{section*.23}{\376\377\000C\000o\000n\000c\000l\000u\000s\000i\000o\000n\000e\000s}{section*.2}% 22
\BOOKMARK [3][-]{section*.24}{\376\377\000V\000i\000a\000b\000i\000l\000i\000d\000a\000d\000\040\000t\000\351\000c\000n\000i\000c\000a}{section*.23}% 23
\BOOKMARK [3][-]{section*.25}{\376\377\000L\000i\000m\000i\000t\000a\000c\000i\000o\000n\000e\000s\000\040\000i\000d\000e\000n\000t\000i\000f\000i\000c\000a\000d\000a\000s}{section*.23}% 24
\BOOKMARK [3][-]{section*.26}{\376\377\000D\000i\000m\000e\000n\000s\000i\000\363\000n\000\040\000c\000o\000m\000e\000r\000c\000i\000a\000l}{section*.23}% 25
\BOOKMARK [3][-]{section*.27}{\376\377\000P\000r\000o\000y\000e\000c\000c\000i\000o\000n\000e\000s\000\040\000f\000u\000t\000u\000r\000a\000s}{section*.23}% 26
\BOOKMARK [3][-]{section*.28}{\376\377\000I\000m\000p\000a\000c\000t\000o\000\040\000y\000\040\000c\000o\000n\000t\000r\000i\000b\000u\000c\000i\000o\000n\000e\000s}{section*.23}% 27
\BOOKMARK [1][-]{section*.29}{\376\377\000I\000n\000t\000r\000o\000d\000u\000c\000c\000i\000\363\000n\000\040\000/\000\040\000P\000l\000a\000n\000t\000e\000o\000\040\000d\000e\000l\000\040\000p\000r\000o\000b\000l\000e\000m\000a}{}% 28
\BOOKMARK [2][-]{section*.30}{\376\377\000M\000o\000t\000i\000v\000a\000c\000i\000o\000n\000e\000s}{section*.29}% 29
\BOOKMARK [2][-]{section*.31}{\376\377\000A\000n\000t\000e\000c\000e\000d\000e\000n\000t\000e\000s}{section*.29}% 30
\BOOKMARK [2][-]{section*.32}{\376\377\000P\000l\000a\000n\000t\000e\000o\000\040\000d\000e\000l\000\040\000p\000r\000o\000b\000l\000e\000m\000a}{section*.29}% 31
\BOOKMARK [1][-]{section*.36}{\376\377\000O\000b\000j\000e\000t\000i\000v\000o\000s\000\040\000e\000\040\000h\000i\000p\000\363\000t\000e\000s\000i\000s}{}% 32
\BOOKMARK [2][-]{section*.37}{\376\377\000H\000i\000p\000\363\000t\000e\000s\000i\000s}{section*.36}% 33
\BOOKMARK [2][-]{section*.38}{\376\377\000O\000b\000j\000e\000t\000i\000v\000o\000s}{section*.36}% 34
\BOOKMARK [1][-]{section*.39}{\376\377\000M\000e\000t\000o\000d\000o\000l\000o\000g\000\355\000a}{}% 35
\BOOKMARK [2][-]{section*.40}{\376\377\000E\000n\000f\000o\000q\000u\000e\000\040\000e\000x\000p\000e\000r\000i\000m\000e\000n\000t\000a\000l}{section*.39}% 36
\BOOKMARK [2][-]{section*.41}{\376\377\000E\000t\000a\000p\000a\000s\000\040\000d\000e\000\040\000t\000r\000a\000b\000a\000j\000o}{section*.39}% 37
\BOOKMARK [2][-]{section*.42}{\376\377\000P\000a\000t\000r\000\363\000n\000\040\000d\000e\000\040\000d\000e\000s\000a\000r\000r\000o\000l\000l\000o}{section*.39}% 38
\BOOKMARK [1][-]{section*.43}{\376\377\000D\000e\000s\000a\000r\000r\000o\000l\000l\000o}{}% 39
\BOOKMARK [2][-]{section*.44}{\376\377\000E\000x\000p\000e\000r\000i\000m\000e\000n\000t\000o\000s\000\040\000d\000e\000\040\000p\000r\000o\000m\000p\000t\000i\000n\000g\000\040\000s\000o\000b\000r\000e\000\040\000p\000r\000o\000b\000l\000e\000m\000a\000s\000\040\000d\000e\000\040\000a\000l\000c\000a\000n\000c\000e\000\040\000m\000u\000y\000\040\000f\000o\000c\000a\000l\000i\000z\000a\000d\000o}{section*.43}% 40
\BOOKMARK [3][-]{section*.45}{\376\377\000P\000r\000i\000m\000e\000r\000a\000\040\000i\000t\000e\000r\000a\000c\000i\000\363\000n}{section*.44}% 41
\BOOKMARK [3][-]{section*.52}{\376\377\000C\000r\000e\000a\000c\000i\000\363\000n\000\040\000d\000e\000\040\000u\000n\000a\000\040\000b\000a\000s\000e\000\040\000d\000e\000\040\000m\000e\000n\000s\000a\000j\000e\000s\000\040\000d\000e\000l\000\040\000u\000s\000u\000a\000r\000i\000o\000\040\000y\000\040\000a\000c\000t\000i\000v\000a\000c\000i\000\363\000n\000\040\000d\000e\000\040\000f\000i\000l\000t\000r\000o\000s}{section*.44}% 42
\BOOKMARK [3][-]{section*.57}{\376\377\000S\000i\000m\000i\000l\000i\000t\000u\000d\000\040\000e\000n\000t\000r\000e\000\040\000c\000o\000n\000s\000u\000l\000t\000a\000s\000\040\000y\000\040\000e\000x\000t\000r\000a\000c\000t\000o\000s\000\040\000d\000e\000\040\000c\000o\000n\000v\000e\000r\000s\000a\000c\000i\000o\000n\000e\000s}{section*.44}% 43
\BOOKMARK [3][-]{section*.64}{\376\377\000I\000m\000p\000l\000e\000m\000e\000n\000t\000a\000c\000i\000\363\000n\000\040\000d\000e\000\040\000b\000\372\000s\000q\000u\000e\000d\000a\000s\000\040\000s\000e\000m\000\341\000n\000t\000i\000c\000a\000s\000\040\000c\000o\000n\000\040\000R\000e\000d\000i\000s\000\040\000y\000\040\000F\000A\000I\000S\000S\000\040\000p\000a\000r\000a\000\040\000l\000a\000\040\000g\000e\000s\000t\000i\000\363\000n\000\040\000d\000e\000\040\000s\000e\000s\000i\000o\000n\000e\000s\000\040\000d\000e\000\040\000u\000s\000u\000a\000r\000i\000o}{section*.44}% 44
\BOOKMARK [3][-]{section*.73}{\376\377\000A\000n\000\341\000l\000i\000s\000i\000s\000\040\000d\000e\000l\000\040\000p\000r\000o\000c\000e\000s\000o\000\040\000d\000e\000\040\000v\000e\000c\000t\000o\000r\000i\000z\000a\000c\000i\000\363\000n\000\040\000d\000e\000\040\000c\000o\000n\000v\000e\000r\000s\000a\000c\000i\000o\000n\000e\000s\000\040\000y\000\040\000b\000\372\000s\000q\000u\000e\000d\000a\000\040\000s\000e\000m\000\341\000n\000t\000i\000c\000a}{section*.44}% 45
\BOOKMARK [3][-]{section*.81}{\376\377\000A\000n\000\341\000l\000i\000s\000i\000s\000\040\000d\000e\000l\000\040\000e\000n\000f\000o\000q\000u\000e\000\040\000e\000n\000\040\000l\000a\000\040\000r\000e\000c\000u\000p\000e\000r\000a\000c\000i\000\363\000n\000\040\000d\000e\000\040\000i\000n\000f\000o\000r\000m\000a\000c\000i\000\363\000n\000\040\000s\000o\000b\000r\000e\000\040\000u\000n\000\040\000p\000a\000r\000i\000e\000n\000t\000e\000\040\000d\000e\000l\000\040\000u\000s\000u\000a\000r\000i\000o}{section*.44}% 46
\BOOKMARK [3][-]{section*.88}{\376\377\000A\000n\000\341\000l\000i\000s\000i\000s\000\040\000d\000e\000\040\000l\000a\000\040\000m\000e\000j\000o\000r\000a\000\040\000e\000n\000\040\000l\000a\000\040\000e\000s\000t\000r\000u\000c\000t\000u\000r\000a\000\040\000d\000e\000l\000\040\000c\000o\000n\000t\000e\000x\000t\000o\000\040\000p\000a\000r\000a\000\040\000l\000a\000\040\000r\000e\000c\000u\000p\000e\000r\000a\000c\000i\000\363\000n\000\040\000d\000e\000\040\000i\000n\000f\000o\000r\000m\000a\000c\000i\000\363\000n}{section*.44}% 47
\BOOKMARK [3][-]{section*.97}{\376\377\000A\000n\000\341\000l\000i\000s\000i\000s\000\040\000d\000e\000\040\000l\000a\000\040\000i\000n\000t\000e\000r\000p\000r\000e\000t\000a\000c\000i\000\363\000n\000\040\000d\000e\000\040\000f\000e\000c\000h\000a\000s\000\040\000y\000\040\000r\000a\000z\000o\000n\000a\000m\000i\000e\000n\000t\000o\000\040\000c\000r\000o\000n\000o\000l\000\363\000g\000i\000c\000o}{section*.44}% 48
\BOOKMARK [3][-]{section*.105}{\376\377\000I\000n\000f\000l\000u\000e\000n\000c\000i\000a\000\040\000d\000e\000\040\000l\000a\000\040\000e\000s\000t\000r\000u\000c\000t\000u\000r\000a\000\040\000d\000e\000l\000\040\000c\000o\000n\000t\000e\000x\000t\000o\000\040\000e\000n\000\040\000e\000l\000\040\000r\000a\000z\000o\000n\000a\000m\000i\000e\000n\000t\000o\000\040\000c\000r\000o\000n\000o\000l\000\363\000g\000i\000c\000o}{section*.44}% 49
\BOOKMARK [3][-]{section*.115}{\376\377\000A\000g\000r\000e\000g\000a\000d\000o\000\040\000d\000e\000\040\000u\000n\000\040\000p\000a\000s\000o\000\040\000d\000e\000\040\000e\000x\000t\000r\000a\000c\000c\000i\000\363\000n\000\040\000y\000\040\000l\000i\000m\000p\000i\000e\000z\000a\000\040\000a\000\040\000u\000n\000\040\000c\000o\000n\000j\000u\000n\000t\000o\000\040\000d\000e\000\040\000d\000a\000t\000o\000s\000\040\000c\000o\000n\000\040\000c\000u\000a\000t\000r\000o\000\040\000m\000i\000e\000m\000b\000r\000o\000s\000\040\000d\000e\000\040\000u\000n\000\040\000g\000r\000u\000p\000o\000\040\000f\000a\000m\000i\000l\000i\000a\000r}{section*.44}% 50
\BOOKMARK [3][-]{section*.125}{\376\377\000R\000a\000z\000o\000n\000a\000m\000i\000e\000n\000t\000o\000\040\000c\000r\000o\000n\000o\000l\000\363\000g\000i\000c\000o\000\040\000y\000\040\000e\000x\000t\000r\000a\000c\000c\000i\000\363\000n\000\040\000d\000e\000\040\000d\000a\000t\000o\000s\000\040\000e\000n\000\040\000c\000o\000n\000v\000e\000r\000s\000a\000c\000i\000o\000n\000e\000s\000\040\000f\000a\000m\000i\000l\000i\000a\000r\000e\000s}{section*.44}% 51
\BOOKMARK [3][-]{section*.131}{\376\377\000M\000e\000j\000o\000r\000a\000\040\000d\000e\000l\000\040\000r\000a\000z\000o\000n\000a\000m\000i\000e\000n\000t\000o\000\040\000c\000r\000o\000n\000o\000l\000\363\000g\000i\000c\000o\000\040\000e\000n\000\040\000c\000o\000n\000v\000e\000r\000s\000a\000c\000i\000o\000n\000e\000s\000\040\000f\000a\000m\000i\000l\000i\000a\000r\000e\000s\000\040\000u\000t\000i\000l\000i\000z\000a\000n\000d\000o\000\040\000G\000P\000T\000-\0003\000.\0005\000\040\000y\000\040\000G\000P\000T\000-\0004}{section*.44}% 52
\BOOKMARK [3][-]{section*.138}{\376\377\000O\000p\000t\000i\000m\000i\000z\000a\000c\000i\000\363\000n\000\040\000d\000e\000l\000\040\000r\000a\000z\000o\000n\000a\000m\000i\000e\000n\000t\000o\000\040\000c\000r\000o\000n\000o\000l\000\363\000g\000i\000c\000o\000\040\000y\000\040\000m\000a\000n\000e\000j\000o\000\040\000d\000e\000\040\000c\000o\000n\000t\000e\000x\000t\000o\000\040\000e\000n\000\040\000b\000\372\000s\000q\000u\000e\000d\000a\000s\000\040\000s\000e\000m\000\341\000n\000t\000i\000c\000a\000s\000\040\000c\000o\000n\000\040\000G\000P\000T\000-\0004}{section*.44}% 53
\BOOKMARK [3][-]{section*.146}{\376\377\000E\000x\000p\000e\000r\000i\000m\000e\000n\000t\000o\000s\000\040\000c\000o\000m\000b\000i\000n\000a\000d\000o\000s\000\040\000s\000o\000b\000r\000e\000\040\000f\000e\000c\000h\000a\000s\000\040\000y\000\040\000m\000a\000n\000e\000j\000o\000\040\000d\000e\000\040\000c\000a\000n\000t\000i\000d\000a\000d\000e\000s}{section*.44}% 54
\BOOKMARK [3][-]{section*.153}{\376\377\000M\000a\000n\000e\000j\000o\000\040\000d\000e\000\040\000d\000a\000t\000o\000s\000\040\000p\000e\000r\000s\000o\000n\000a\000l\000e\000s\000\040\000y\000\040\000r\000e\000s\000o\000l\000u\000c\000i\000\363\000n\000\040\000d\000e\000\040\000c\000i\000t\000a\000s\000\040\000m\000\351\000d\000i\000c\000a\000s\000\040\000c\000o\000n\000\040\000G\000P\000T\000-\0003\000.\0005\000:\000\040\000c\000o\000n\000j\000u\000n\000t\000o\000\040\000d\000e\000\040\000d\000a\000t\000o\000s\000\040\000r\000e\000f\000e\000r\000e\000n\000t\000e\000\040\000a\000\040\000t\000u\000r\000n\000o\000s\000\040\000d\000e\000\040\000u\000n\000\040\000t\000e\000r\000c\000e\000r\000o}{section*.44}% 55
\BOOKMARK [3][-]{section*.159}{\376\377\000M\000a\000n\000e\000j\000o\000\040\000d\000e\000\040\000d\000a\000t\000o\000s\000\040\000p\000e\000r\000s\000o\000n\000a\000l\000e\000s\000\040\000y\000\040\000e\000r\000r\000o\000r\000e\000s\000\040\000d\000e\000\040\000c\000o\000n\000t\000e\000x\000t\000o\000\040\000e\000n\000\040\000l\000a\000\040\000g\000e\000s\000t\000i\000\363\000n\000\040\000d\000e\000\040\000c\000i\000t\000a\000s\000\040\000m\000\351\000d\000i\000c\000a\000s\000\040\000c\000o\000n\000\040\000G\000P\000T\000-\0003\000.\0005}{section*.44}% 56
\BOOKMARK [2][-]{section*.165}{\376\377\000A\000m\000p\000l\000i\000a\000c\000i\000\363\000n\000\040\000d\000e\000\040\000c\000o\000n\000j\000u\000n\000t\000o\000s\000\040\000d\000e\000\040\000d\000a\000t\000o\000s\000\040\000d\000e\000\040\000c\000o\000n\000t\000e\000x\000t\000o\000\040\000p\000o\000r\000\040\000i\000n\000g\000e\000s\000t\000i\000\363\000n\000\040\000d\000e\000\040\000d\000o\000c\000u\000m\000e\000n\000t\000o\000s}{section*.43}% 57
\BOOKMARK [2][-]{section*.166}{\376\377\000C\000r\000e\000a\000c\000i\000\363\000n\000\040\000d\000e\000\040\000c\000o\000n\000j\000u\000n\000t\000o\000s\000\040\000d\000e\000\040\000d\000a\000t\000o\000s\000\040\000s\000i\000n\000t\000\351\000t\000i\000c\000o\000s}{section*.43}% 58
\BOOKMARK [3][-]{section*.167}{\376\377\000C\000r\000e\000a\000c\000i\000\363\000n\000\040\000d\000e\000\040\000d\000a\000t\000o\000s\000\040\000f\000a\000m\000i\000l\000i\000a\000r\000e\000s}{section*.166}% 59
\BOOKMARK [3][-]{section*.168}{\376\377\000C\000r\000e\000a\000c\000i\000\363\000n\000\040\000d\000e\000\040\000c\000o\000n\000j\000u\000n\000t\000o\000\040\000d\000e\000\040\000d\000a\000t\000o\000s\000\040\000m\000\351\000d\000i\000c\000o\000s\000\040\000d\000e\000\040\000a\000l\000c\000a\000n\000c\000e\000\040\000i\000n\000t\000e\000r\000m\000e\000d\000i\000o\000\040\000\050\0001\000\040\000a\000\361\000o\000\051}{section*.166}% 60
\BOOKMARK [3][-]{section*.174}{\376\377\000C\000r\000e\000a\000c\000i\000\363\000n\000\040\000d\000e\000\040\000c\000o\000n\000j\000u\000n\000t\000o\000\040\000d\000e\000\040\000d\000a\000t\000o\000s\000\040\000d\000e\000\040\000c\000o\000n\000s\000u\000m\000o\000\040\000d\000e\000\040\000m\000e\000d\000i\000a\000n\000o\000\040\000p\000l\000a\000z\000o\000\040\000\050\0001\000\040\000a\000\361\000o\000\051}{section*.166}% 61
\BOOKMARK [2][-]{section*.178}{\376\377\000I\000n\000g\000e\000s\000t\000i\000\363\000n\000\040\000a\000\040\000b\000a\000s\000e\000\040\000d\000e\000\040\000d\000a\000t\000o\000s\000\040\000d\000e\000\040\000l\000o\000s\000\040\000d\000a\000t\000o\000s\000\040\000s\000i\000n\000t\000\351\000t\000i\000c\000o\000s}{section*.43}% 62
\BOOKMARK [3][-]{section*.179}{\376\377\000I\000n\000g\000e\000s\000t\000i\000\363\000n\000\040\000a\000\040\000b\000a\000s\000e\000\040\000d\000e\000\040\000g\000r\000a\000f\000o\000s}{section*.178}% 63
\BOOKMARK [3][-]{section*.181}{\376\377\000I\000n\000s\000e\000r\000c\000i\000\363\000n\000\040\000e\000n\000\040\000b\000a\000s\000e\000\040\000d\000e\000\040\000d\000o\000c\000u\000m\000e\000n\000t\000o\000s\000\040\000c\000o\000n\000\040\000s\000o\000p\000o\000r\000t\000e\000\040\000v\000e\000c\000t\000o\000r\000i\000a\000l\000\040\000y\000\040\000c\000o\000n\000s\000u\000l\000t\000a\000s}{section*.178}% 64
\BOOKMARK [2][-]{section*.188}{\376\377\000S\000\355\000n\000t\000e\000s\000i\000s\000\040\000c\000u\000a\000n\000t\000i\000t\000a\000t\000i\000v\000a\000\040\000d\000e\000\040\000l\000o\000s\000\040\000r\000e\000s\000u\000l\000t\000a\000d\000o\000s\000\040\000e\000x\000p\000e\000r\000i\000m\000e\000n\000t\000a\000l\000e\000s}{section*.43}% 65
\BOOKMARK [3][-]{section*.189}{\376\377\000R\000a\000z\000o\000n\000a\000m\000i\000e\000n\000t\000o\000\040\000c\000r\000o\000n\000o\000l\000\363\000g\000i\000c\000o\000:\000\040\000G\000P\000T\000-\0003\000.\0005\000\040\000f\000r\000e\000n\000t\000e\000\040\000a\000\040\000G\000P\000T\000-\0004}{section*.188}% 66
\BOOKMARK [3][-]{section*.190}{\376\377\000R\000e\000c\000u\000p\000e\000r\000a\000c\000i\000\363\000n\000\040\000d\000e\000\040\000i\000n\000f\000o\000r\000m\000a\000c\000i\000\363\000n}{section*.188}% 67
\BOOKMARK [1][-]{section*.191}{\376\377\000C\000o\000n\000c\000l\000u\000s\000i\000o\000n\000e\000s}{}% 68
\BOOKMARK [2][-]{section*.192}{\376\377\000V\000i\000a\000b\000i\000l\000i\000d\000a\000d\000\040\000t\000\351\000c\000n\000i\000c\000a}{section*.191}% 69
\BOOKMARK [2][-]{section*.193}{\376\377\000R\000e\000c\000u\000r\000s\000o\000s\000\040\000n\000e\000c\000e\000s\000a\000r\000i\000o\000s\000\040\000p\000a\000r\000a\000\040\000l\000a\000\040\000i\000m\000p\000l\000e\000m\000e\000n\000t\000a\000c\000i\000\363\000n}{section*.191}% 70
\BOOKMARK [2][-]{section*.194}{\376\377\000L\000i\000m\000i\000t\000a\000c\000i\000o\000n\000e\000s\000\040\000i\000d\000e\000n\000t\000i\000f\000i\000c\000a\000d\000a\000s}{section*.191}% 71
\BOOKMARK [2][-]{section*.195}{\376\377\000D\000i\000m\000e\000n\000s\000i\000\363\000n\000\040\000c\000o\000m\000e\000r\000c\000i\000a\000l}{section*.191}% 72
\BOOKMARK [2][-]{section*.196}{\376\377\000P\000r\000o\000y\000e\000c\000c\000i\000o\000n\000e\000s\000\040\000f\000u\000t\000u\000r\000a\000s}{section*.191}% 73
\BOOKMARK [2][-]{section*.197}{\376\377\000I\000m\000p\000a\000c\000t\000o\000\040\000y\000\040\000c\000o\000n\000t\000r\000i\000b\000u\000c\000i\000o\000n\000e\000s}{section*.191}% 74
\BOOKMARK [2][-]{section*.198}{\376\377\000I\000n\000t\000r\000o\000d\000u\000c\000c\000i\000\363\000n}{section*.191}% 75
\BOOKMARK [3][-]{section*.199}{\376\377\000C\000o\000n\000s\000i\000d\000e\000r\000a\000n\000d\000o\000s}{section*.198}% 76
\BOOKMARK [3][-]{section*.200}{\376\377\000A\000c\000t\000o\000r\000e\000s\000\040\000d\000e\000l\000\040\000m\000e\000r\000c\000a\000d\000o}{section*.198}% 77
\BOOKMARK [3][-]{section*.201}{\376\377\000D\000e\000f\000i\000n\000i\000c\000i\000\363\000n\000\040\000d\000e\000l\000\040\000p\000r\000o\000d\000u\000c\000t\000o}{section*.198}% 78
\BOOKMARK [2][-]{section*.202}{\376\377\000A\000n\000\341\000l\000i\000s\000i\000s\000\040\000e\000s\000t\000r\000a\000t\000\351\000g\000i\000c\000o}{section*.191}% 79
\BOOKMARK [3][-]{section*.203}{\376\377\000A\000n\000\341\000l\000i\000s\000i\000s\000\040\000F\000O\000D\000A}{section*.202}% 80
\BOOKMARK [3][-]{section*.208}{\376\377\000P\000r\000o\000p\000u\000e\000s\000t\000a\000\040\000d\000e\000\040\000v\000a\000l\000o\000r}{section*.202}% 81
\BOOKMARK [3][-]{section*.216}{\376\377\000E\000j\000e\000m\000p\000l\000o\000s\000\040\000d\000e\000\040\000i\000m\000p\000a\000c\000t\000o\000\040\000p\000o\000r\000\040\000i\000n\000d\000u\000s\000t\000r\000i\000a}{section*.202}% 82
\BOOKMARK [2][-]{section*.227}{\376\377\000P\000l\000a\000n\000\040\000c\000o\000m\000e\000r\000c\000i\000a\000l\000\040\000c\000o\000n\000\040\000e\000s\000t\000i\000m\000a\000c\000i\000\363\000n\000\040\000d\000e\000\040\000v\000e\000n\000t\000a\000s}{section*.191}% 83
\BOOKMARK [3][-]{section*.228}{\376\377\000D\000e\000f\000i\000n\000i\000c\000i\000\363\000n\000\040\000d\000e\000l\000\040\000p\000r\000o\000d\000u\000c\000t\000o}{section*.227}% 84
\BOOKMARK [3][-]{section*.229}{\376\377\000S\000e\000g\000m\000e\000n\000t\000a\000c\000i\000\363\000n\000\040\000d\000e\000l\000\040\000m\000e\000r\000c\000a\000d\000o\000\040\000o\000b\000j\000e\000t\000i\000v\000o}{section*.227}% 85
\BOOKMARK [3][-]{section*.230}{\376\377\000E\000s\000t\000r\000a\000t\000e\000g\000i\000a\000\040\000d\000e\000\040\000p\000e\000n\000e\000t\000r\000a\000c\000i\000\363\000n\000\040\000e\000n\000\040\000e\000l\000\040\000m\000e\000r\000c\000a\000d\000o}{section*.227}% 86
\BOOKMARK [3][-]{section*.231}{\376\377\000M\000o\000d\000e\000l\000o\000\040\000d\000e\000\040\000i\000n\000g\000r\000e\000s\000o\000s}{section*.227}% 87
\BOOKMARK [3][-]{section*.232}{\376\377\000T\000a\000m\000a\000\361\000o\000\040\000y\000\040\000c\000r\000e\000c\000i\000m\000i\000e\000n\000t\000o\000\040\000d\000e\000l\000\040\000m\000e\000r\000c\000a\000d\000o\000\040\000d\000e\000\040\000a\000s\000i\000s\000t\000e\000n\000t\000e\000s\000\040\000v\000i\000r\000t\000u\000a\000l\000e\000s}{section*.227}% 88
\BOOKMARK [3][-]{section*.233}{\376\377\000M\000e\000r\000c\000a\000d\000o\000\040\000d\000e\000\040\000h\000i\000p\000e\000r\000p\000e\000r\000s\000o\000n\000a\000l\000i\000z\000a\000c\000i\000\363\000n}{section*.227}% 89
\BOOKMARK [3][-]{section*.234}{\376\377\000A\000d\000o\000p\000c\000i\000\363\000n\000\040\000d\000e\000\040\000a\000s\000i\000s\000t\000e\000n\000t\000e\000s\000\040\000v\000i\000r\000t\000u\000a\000l\000e\000s\000\040\000e\000n\000\040\000A\000m\000\351\000r\000i\000c\000a\000\040\000L\000a\000t\000i\000n\000a}{section*.227}% 90
\BOOKMARK [3][-]{section*.235}{\376\377\000P\000r\000o\000y\000e\000c\000c\000i\000\363\000n\000\040\000d\000e\000\040\000v\000e\000n\000t\000a\000s}{section*.227}% 91
\BOOKMARK [3][-]{section*.239}{\376\377\000S\000i\000m\000u\000l\000a\000c\000i\000\363\000n\000\040\000c\000o\000n\000\040\000e\000l\000\040\000m\000\351\000t\000o\000d\000o\000\040\000D\000e\000l\000p\000h\000i\000\040\000c\000o\000n\000\040\000L\000L\000M}{section*.227}% 92
\BOOKMARK [3][-]{section*.243}{\376\377\000A\000n\000c\000l\000a\000s\000\040\000e\000m\000p\000\355\000r\000i\000c\000a\000s\000\040\000d\000e\000\040\000m\000e\000r\000c\000a\000d\000o\000\040\000p\000a\000r\000a\000\040\000e\000s\000t\000i\000m\000a\000c\000i\000o\000n\000e\000s\000\040\000D\000e\000l\000p\000h\000i}{section*.227}% 93
\BOOKMARK [3][-]{section*.255}{\376\377\000D\000e\000s\000a\000r\000r\000o\000l\000l\000o\000\040\000d\000e\000\040\000l\000a\000\040\000s\000i\000m\000u\000l\000a\000c\000i\000\363\000n}{section*.227}% 94
\BOOKMARK [2][-]{section*.288}{\376\377\000P\000r\000o\000y\000e\000c\000c\000i\000\363\000n\000\040\000d\000e\000\040\000c\000o\000s\000t\000o\000s}{section*.191}% 95
\BOOKMARK [3][-]{section*.289}{\376\377\000D\000e\000s\000a\000r\000r\000o\000l\000l\000o\000\040\000d\000e\000l\000\040\000s\000i\000s\000t\000e\000m\000a}{section*.288}% 96
\BOOKMARK [3][-]{section*.297}{\376\377\000I\000m\000p\000l\000e\000m\000e\000n\000t\000a\000c\000i\000\363\000n}{section*.288}% 97
\BOOKMARK [3][-]{section*.300}{\376\377\000S\000o\000p\000o\000r\000t\000e\000\040\000y\000\040\000m\000o\000n\000i\000t\000o\000r\000e\000o}{section*.288}% 98
\BOOKMARK [3][-]{section*.303}{\376\377\000C\000o\000s\000t\000o\000s\000\040\000f\000i\000j\000o\000s}{section*.288}% 99
\BOOKMARK [3][-]{section*.312}{\376\377\000I\000n\000f\000r\000a\000e\000s\000t\000r\000u\000c\000t\000u\000r\000a\000\040\000y\000\040\000o\000p\000e\000r\000a\000c\000i\000\363\000n}{section*.288}% 100
\BOOKMARK [3][-]{section*.316}{\376\377\000C\000u\000m\000p\000l\000i\000m\000i\000e\000n\000t\000o\000\040\000n\000o\000r\000m\000a\000t\000i\000v\000o\000\040\000y\000\040\000s\000e\000g\000u\000r\000i\000d\000a\000d}{section*.288}% 101
\BOOKMARK [3][-]{section*.322}{\376\377\000R\000e\000s\000u\000m\000e\000n}{section*.288}% 102
\BOOKMARK [3][-]{section*.323}{\376\377\000O\000t\000r\000o\000s\000\040\000c\000o\000s\000t\000o\000s\000\040\000v\000a\000r\000i\000a\000b\000l\000e\000s}{section*.288}% 103
\BOOKMARK [2][-]{section*.327}{\376\377\000E\000v\000a\000l\000u\000a\000c\000i\000\363\000n\000\040\000f\000i\000n\000a\000n\000c\000i\000e\000r\000a\000\040\000c\000o\000n\000\040\000c\000h\000u\000r\000n\000,\000\040\000r\000e\000n\000o\000v\000a\000c\000i\000o\000n\000e\000s\000\040\000e\000\040\000i\000m\000p\000a\000g\000o}{section*.191}% 104
\BOOKMARK [3][-]{section*.328}{\376\377\000S\000u\000p\000u\000e\000s\000t\000o\000s\000\040\000d\000e\000\040\000c\000h\000u\000r\000n\000,\000\040\000r\000e\000t\000e\000n\000c\000i\000\363\000n\000\040\000y\000\040\000m\000o\000r\000a\000\040\000\050\000r\000e\000n\000o\000v\000a\000c\000i\000o\000n\000e\000s\000\040\000a\000n\000u\000a\000l\000e\000s\000\051}{section*.327}% 105
\BOOKMARK [3][-]{section*.336}{\376\377\000M\000o\000d\000e\000l\000o\000\040\000d\000e\000\040\000r\000e\000n\000o\000v\000a\000c\000i\000o\000n\000e\000s\000:\000\040\000d\000i\000n\000\341\000m\000i\000c\000a\000\040\000d\000e\000\040\000c\000l\000i\000e\000n\000t\000e\000s\000\040\000a\000c\000t\000i\000v\000o\000s}{section*.327}% 106
\BOOKMARK [3][-]{section*.337}{\376\377\000C\000\341\000l\000c\000u\000l\000o\000s}{section*.327}% 107
\BOOKMARK [3][-]{section*.338}{\376\377\000E\000s\000t\000a\000d\000o\000\040\000d\000e\000\040\000r\000e\000s\000u\000l\000t\000a\000d\000o\000s\000\040\000p\000r\000o\000f\000o\000r\000m\000a\000\040\000\050\000e\000s\000c\000e\000n\000a\000r\000i\000o\000\040\000n\000e\000u\000t\000r\000a\000l\000\051}{section*.327}% 108
\BOOKMARK [3][-]{section*.339}{\376\377\000F\000C\000F\000F}{section*.327}% 109
\BOOKMARK [3][-]{section*.341}{\376\377\000V\000A\000N\000\040\000y\000\040\000T\000I\000R\000\040\000p\000o\000r\000\040\000e\000s\000c\000e\000n\000a\000r\000i\000o}{section*.327}% 110
\BOOKMARK [3][-]{section*.344}{\376\377\000U\000n\000i\000t\000\040\000e\000c\000o\000n\000o\000m\000i\000c\000s\000:\000\040\000L\000T\000V\000,\000\040\000C\000A\000C\000\040\000y\000\040\000p\000a\000y\000b\000a\000c\000k}{section*.327}% 111
\BOOKMARK [2][-]{section*.345}{\376\377\000R\000i\000e\000s\000g\000o\000s\000,\000\040\000m\000i\000t\000i\000g\000a\000c\000i\000o\000n\000e\000s\000\040\000y\000\040\000g\000o\000b\000e\000r\000n\000a\000n\000z\000a\000\040\000o\000p\000e\000r\000a\000t\000i\000v\000a}{section*.191}% 112
\BOOKMARK [3][-]{section*.346}{\376\377\000R\000e\000s\000u\000m\000e\000n\000\040\000e\000j\000e\000c\000u\000t\000i\000v\000o\000\040\000d\000e\000\040\000m\000i\000t\000i\000g\000a\000c\000i\000o\000n\000e\000s}{section*.345}% 113
\BOOKMARK [3][-]{section*.347}{\376\377\000M\000a\000t\000r\000i\000z\000\040\000d\000e\000\040\000r\000i\000e\000s\000g\000o\000s\000\040\000y\000\040\000m\000i\000t\000i\000g\000a\000c\000i\000o\000n\000e\000s}{section*.345}% 114
\BOOKMARK [3][-]{section*.348}{\376\377\000D\000a\000t\000o\000s\000\040\000p\000e\000r\000s\000o\000n\000a\000l\000e\000s\000\040\000y\000\040\000m\000e\000n\000o\000r\000e\000s}{section*.345}% 115
\BOOKMARK [3][-]{section*.349}{\376\377\000S\000e\000g\000u\000r\000i\000d\000a\000d\000\040\000o\000p\000e\000r\000a\000t\000i\000v\000a}{section*.345}% 116
\BOOKMARK [3][-]{section*.350}{\376\377\000G\000o\000b\000e\000r\000n\000a\000n\000z\000a\000\040\000d\000e\000\040\000m\000o\000d\000e\000l\000o\000s\000\040\000d\000e\000\040\000I\000A}{section*.345}% 117
\BOOKMARK [3][-]{section*.351}{\376\377\000M\000a\000r\000c\000o\000\040\000l\000e\000g\000a\000l\000-\000c\000o\000n\000t\000r\000a\000c\000t\000u\000a\000l}{section*.345}% 118
\BOOKMARK [3][-]{section*.352}{\376\377\000C\000o\000s\000t\000o\000s\000\040\000a\000s\000o\000c\000i\000a\000d\000o\000s\000\040\000a\000\040\000l\000a\000s\000\040\000m\000i\000t\000i\000g\000a\000c\000i\000o\000n\000e\000s}{section*.345}% 119
\BOOKMARK [2][-]{section*.353}{\376\377\000P\000r\000i\000m\000e\000r\000a\000\040\000i\000t\000e\000r\000a\000c\000i\000\363\000n\000:\000\040\000R\000e\000d\000i\000s\000,\000\040\000F\000A\000I\000S\000S\000\040\000y\000\040\000L\000a\000n\000g\000C\000h\000a\000i\000n}{section*.191}% 120
\BOOKMARK [2][-]{section*.354}{\376\377\000C\000r\000e\000a\000c\000i\000\363\000n\000\040\000d\000e\000\040\000u\000n\000a\000\040\000b\000a\000s\000e\000\040\000d\000e\000\040\000m\000e\000n\000s\000a\000j\000e\000s\000\040\000d\000e\000l\000\040\000u\000s\000u\000a\000r\000i\000o\000\040\000y\000\040\000a\000c\000t\000i\000v\000a\000c\000i\000\363\000n\000\040\000d\000e\000\040\000f\000i\000l\000t\000r\000o\000s}{section*.191}% 121
\BOOKMARK [3][-]{section*.355}{\376\377\000L\000i\000s\000t\000a\000d\000o\000\040\0001}{section*.354}% 122
\BOOKMARK [3][-]{section*.356}{\376\377\000L\000i\000s\000t\000a\000d\000o\000\040\0002}{section*.354}% 123
\BOOKMARK [2][-]{section*.357}{\376\377\000S\000i\000m\000i\000l\000i\000t\000u\000d\000\040\000e\000n\000t\000r\000e\000\040\000c\000o\000n\000s\000u\000l\000t\000a\000s\000\040\000y\000\040\000e\000x\000t\000r\000a\000c\000t\000o\000s\000\040\000d\000e\000\040\000c\000o\000n\000v\000e\000r\000s\000a\000c\000i\000o\000n\000e\000s}{section*.191}% 124
\BOOKMARK [3][-]{section*.358}{\376\377\000L\000i\000s\000t\000a\000d\000o\000\040\0001}{section*.357}% 125
\BOOKMARK [3][-]{section*.359}{\376\377\000L\000i\000s\000t\000a\000d\000o\000\040\0002}{section*.357}% 126
\BOOKMARK [3][-]{section*.360}{\376\377\000L\000i\000s\000t\000a\000d\000o\000\040\0003}{section*.357}% 127
\BOOKMARK [3][-]{section*.361}{\376\377\000L\000i\000s\000t\000a\000d\000o\000\040\0004}{section*.357}% 128
\BOOKMARK [3][-]{section*.362}{\376\377\000L\000i\000s\000t\000a\000d\000o\000\040\0005}{section*.357}% 129
\BOOKMARK [3][-]{section*.363}{\376\377\000L\000i\000s\000t\000a\000d\000o\000\040\0006}{section*.357}% 130
\BOOKMARK [3][-]{section*.364}{\376\377\000L\000i\000s\000t\000a\000d\000o\000\040\0007}{section*.357}% 131
\BOOKMARK [3][-]{section*.365}{\376\377\000L\000i\000s\000t\000a\000d\000o\000\040\0008}{section*.357}% 132
\BOOKMARK [2][-]{section*.366}{\376\377\000I\000m\000p\000l\000e\000m\000e\000n\000t\000a\000c\000i\000\363\000n\000\040\000d\000e\000\040\000b\000\372\000s\000q\000u\000e\000d\000a\000s\000\040\000s\000e\000m\000\341\000n\000t\000i\000c\000a\000s\000\040\000c\000o\000n\000\040\000R\000e\000d\000i\000s\000\040\000y\000\040\000F\000A\000I\000S\000S\000\040\000p\000a\000r\000a\000\040\000l\000a\000\040\000g\000e\000s\000t\000i\000\363\000n\000\040\000d\000e\000\040\000s\000e\000s\000i\000o\000n\000e\000s\000\040\000d\000e\000\040\000u\000s\000u\000a\000r\000i\000o}{section*.191}% 133
\BOOKMARK [3][-]{section*.367}{\376\377\000L\000i\000s\000t\000a\000d\000o\000\040\0001}{section*.366}% 134
\BOOKMARK [3][-]{section*.368}{\376\377\000L\000i\000s\000t\000a\000d\000o\000\040\0002}{section*.366}% 135
\BOOKMARK [3][-]{section*.369}{\376\377\000L\000i\000s\000t\000a\000d\000o\000\040\0003}{section*.366}% 136
\BOOKMARK [3][-]{section*.370}{\376\377\000L\000i\000s\000t\000a\000d\000o\000\040\0004}{section*.366}% 137
\BOOKMARK [3][-]{section*.371}{\376\377\000L\000i\000s\000t\000a\000d\000o\000\040\0005}{section*.366}% 138
\BOOKMARK [3][-]{section*.372}{\376\377\000L\000i\000s\000t\000a\000d\000o\000\040\0006}{section*.366}% 139
\BOOKMARK [3][-]{section*.373}{\376\377\000L\000i\000s\000t\000a\000d\000o\000\040\0007}{section*.366}% 140
\BOOKMARK [3][-]{section*.374}{\376\377\000L\000i\000s\000t\000a\000d\000o\000\040\0008}{section*.366}% 141
\BOOKMARK [2][-]{section*.375}{\376\377\000A\000n\000\341\000l\000i\000s\000i\000s\000\040\000d\000e\000l\000\040\000p\000r\000o\000c\000e\000s\000o\000\040\000d\000e\000\040\000v\000e\000c\000t\000o\000r\000i\000z\000a\000c\000i\000\363\000n\000\040\000d\000e\000\040\000c\000o\000n\000v\000e\000r\000s\000a\000c\000i\000o\000n\000e\000s\000\040\000y\000\040\000b\000\372\000s\000q\000u\000e\000d\000a\000\040\000s\000e\000m\000\341\000n\000t\000i\000c\000a}{section*.191}% 142
\BOOKMARK [3][-]{section*.376}{\376\377\000L\000i\000s\000t\000a\000d\000o\000\040\0001}{section*.375}% 143
\BOOKMARK [3][-]{section*.377}{\376\377\000L\000i\000s\000t\000a\000d\000o\000\040\0002}{section*.375}% 144
\BOOKMARK [3][-]{section*.378}{\376\377\000L\000i\000s\000t\000a\000d\000o\000\040\0003}{section*.375}% 145
\BOOKMARK [3][-]{section*.379}{\376\377\000L\000i\000s\000t\000a\000d\000o\000\040\0004}{section*.375}% 146
\BOOKMARK [3][-]{section*.380}{\376\377\000L\000i\000s\000t\000a\000d\000o\000\040\0005}{section*.375}% 147
\BOOKMARK [3][-]{section*.381}{\376\377\000L\000i\000s\000t\000a\000d\000o\000\040\0006}{section*.375}% 148
\BOOKMARK [2][-]{section*.382}{\376\377\000A\000n\000\341\000l\000i\000s\000i\000s\000\040\000d\000e\000l\000\040\000e\000n\000f\000o\000q\000u\000e\000\040\000e\000n\000\040\000l\000a\000\040\000r\000e\000c\000u\000p\000e\000r\000a\000c\000i\000\363\000n\000\040\000d\000e\000\040\000i\000n\000f\000o\000r\000m\000a\000c\000i\000\363\000n\000\040\000s\000o\000b\000r\000e\000\040\000u\000n\000\040\000p\000a\000r\000i\000e\000n\000t\000e\000\040\000d\000e\000l\000\040\000u\000s\000u\000a\000r\000i\000o}{section*.191}% 149
\BOOKMARK [3][-]{section*.383}{\376\377\000L\000i\000s\000t\000a\000d\000o\000\040\0001}{section*.382}% 150
\BOOKMARK [3][-]{section*.384}{\376\377\000L\000i\000s\000t\000a\000d\000o\000\040\0002}{section*.382}% 151
\BOOKMARK [3][-]{section*.385}{\376\377\000L\000i\000s\000t\000a\000d\000o\000\040\0003}{section*.382}% 152
\BOOKMARK [3][-]{section*.386}{\376\377\000L\000i\000s\000t\000a\000d\000o\000\040\0004}{section*.382}% 153
\BOOKMARK [3][-]{section*.387}{\376\377\000L\000i\000s\000t\000a\000d\000o\000\040\0005}{section*.382}% 154
\BOOKMARK [3][-]{section*.388}{\376\377\000L\000i\000s\000t\000a\000d\000o\000\040\0006}{section*.382}% 155
\BOOKMARK [2][-]{section*.389}{\376\377\000A\000n\000\341\000l\000i\000s\000i\000s\000\040\000d\000e\000\040\000l\000a\000\040\000m\000e\000j\000o\000r\000a\000\040\000e\000n\000\040\000l\000a\000\040\000e\000s\000t\000r\000u\000c\000t\000u\000r\000a\000\040\000d\000e\000l\000\040\000c\000o\000n\000t\000e\000x\000t\000o\000\040\000p\000a\000r\000a\000\040\000l\000a\000\040\000r\000e\000c\000u\000p\000e\000r\000a\000c\000i\000\363\000n\000\040\000d\000e\000\040\000i\000n\000f\000o\000r\000m\000a\000c\000i\000\363\000n}{section*.191}% 156
\BOOKMARK [3][-]{section*.390}{\376\377\000L\000i\000s\000t\000a\000d\000o\000\040\0001}{section*.389}% 157
\BOOKMARK [3][-]{section*.391}{\376\377\000L\000i\000s\000t\000a\000d\000o\000\040\0002}{section*.389}% 158
\BOOKMARK [3][-]{section*.392}{\376\377\000L\000i\000s\000t\000a\000d\000o\000\040\0003}{section*.389}% 159
\BOOKMARK [3][-]{section*.393}{\376\377\000L\000i\000s\000t\000a\000d\000o\000\040\0004}{section*.389}% 160
\BOOKMARK [3][-]{section*.394}{\376\377\000L\000i\000s\000t\000a\000d\000o\000\040\0005}{section*.389}% 161
\BOOKMARK [3][-]{section*.395}{\376\377\000L\000i\000s\000t\000a\000d\000o\000\040\0006}{section*.389}% 162
\BOOKMARK [2][-]{section*.396}{\376\377\000A\000n\000\341\000l\000i\000s\000i\000s\000\040\000d\000e\000\040\000l\000a\000\040\000i\000n\000t\000e\000r\000p\000r\000e\000t\000a\000c\000i\000\363\000n\000\040\000d\000e\000\040\000f\000e\000c\000h\000a\000s\000\040\000y\000\040\000r\000a\000z\000o\000n\000a\000m\000i\000e\000n\000t\000o\000\040\000c\000r\000o\000n\000o\000l\000\363\000g\000i\000c\000o}{section*.191}% 163
\BOOKMARK [3][-]{section*.397}{\376\377\000L\000i\000s\000t\000a\000d\000o\000\040\0001}{section*.396}% 164
\BOOKMARK [3][-]{section*.398}{\376\377\000L\000i\000s\000t\000a\000d\000o\000\040\0002}{section*.396}% 165
\BOOKMARK [3][-]{section*.399}{\376\377\000L\000i\000s\000t\000a\000d\000o\000\040\0003}{section*.396}% 166
\BOOKMARK [3][-]{section*.400}{\376\377\000L\000i\000s\000t\000a\000d\000o\000\040\0004}{section*.396}% 167
\BOOKMARK [3][-]{section*.401}{\376\377\000L\000i\000s\000t\000a\000d\000o\000\040\0005}{section*.396}% 168
\BOOKMARK [3][-]{section*.402}{\376\377\000L\000i\000s\000t\000a\000d\000o\000\040\0006}{section*.396}% 169
\BOOKMARK [2][-]{section*.403}{\376\377\000I\000n\000f\000l\000u\000e\000n\000c\000i\000a\000\040\000d\000e\000\040\000l\000a\000\040\000e\000s\000t\000r\000u\000c\000t\000u\000r\000a\000\040\000d\000e\000l\000\040\000c\000o\000n\000t\000e\000x\000t\000o\000\040\000e\000n\000\040\000e\000l\000\040\000r\000a\000z\000o\000n\000a\000m\000i\000e\000n\000t\000o\000\040\000c\000r\000o\000n\000o\000l\000\363\000g\000i\000c\000o}{section*.191}% 170
\BOOKMARK [3][-]{section*.404}{\376\377\000L\000i\000s\000t\000a\000d\000o\000\040\0001}{section*.403}% 171
\BOOKMARK [3][-]{section*.405}{\376\377\000L\000i\000s\000t\000a\000d\000o\000\040\0002}{section*.403}% 172
\BOOKMARK [3][-]{section*.406}{\376\377\000L\000i\000s\000t\000a\000d\000o\000\040\0003}{section*.403}% 173
\BOOKMARK [3][-]{section*.407}{\376\377\000L\000i\000s\000t\000a\000d\000o\000\040\0004}{section*.403}% 174
\BOOKMARK [3][-]{section*.408}{\376\377\000L\000i\000s\000t\000a\000d\000o\000\040\0005}{section*.403}% 175
\BOOKMARK [3][-]{section*.409}{\376\377\000L\000i\000s\000t\000a\000d\000o\000\040\0006}{section*.403}% 176
\BOOKMARK [2][-]{section*.410}{\376\377\000A\000g\000r\000e\000g\000a\000d\000o\000\040\000d\000e\000\040\000u\000n\000\040\000p\000a\000s\000o\000\040\000d\000e\000\040\000e\000x\000t\000r\000a\000c\000c\000i\000\363\000n\000\040\000y\000\040\000l\000i\000m\000p\000i\000e\000z\000a\000\040\000a\000\040\000u\000n\000\040\000c\000o\000n\000j\000u\000n\000t\000o\000\040\000d\000e\000\040\000d\000a\000t\000o\000s\000\040\000c\000o\000n\000\040\000c\000u\000a\000t\000r\000o\000\040\000m\000i\000e\000m\000b\000r\000o\000s\000\040\000d\000e\000\040\000u\000n\000\040\000g\000r\000u\000p\000o\000\040\000f\000a\000m\000i\000l\000i\000a\000r}{section*.191}% 177
\BOOKMARK [3][-]{section*.411}{\376\377\000L\000i\000s\000t\000a\000d\000o\000\040\0001}{section*.410}% 178
\BOOKMARK [3][-]{section*.412}{\376\377\000L\000i\000s\000t\000a\000d\000o\000\040\0002}{section*.410}% 179
\BOOKMARK [3][-]{section*.413}{\376\377\000L\000i\000s\000t\000a\000d\000o\000\040\0003}{section*.410}% 180
\BOOKMARK [3][-]{section*.414}{\376\377\000L\000i\000s\000t\000a\000d\000o\000\040\0004}{section*.410}% 181
\BOOKMARK [3][-]{section*.415}{\376\377\000L\000i\000s\000t\000a\000d\000o\000\040\0005}{section*.410}% 182
\BOOKMARK [3][-]{section*.416}{\376\377\000L\000i\000s\000t\000a\000d\000o\000\040\0006}{section*.410}% 183
\BOOKMARK [2][-]{section*.417}{\376\377\000R\000a\000z\000o\000n\000a\000m\000i\000e\000n\000t\000o\000\040\000c\000r\000o\000n\000o\000l\000\363\000g\000i\000c\000o\000\040\000y\000\040\000e\000x\000t\000r\000a\000c\000c\000i\000\363\000n\000\040\000d\000e\000\040\000d\000a\000t\000o\000s\000\040\000e\000n\000\040\000c\000o\000n\000v\000e\000r\000s\000a\000c\000i\000o\000n\000e\000s\000\040\000f\000a\000m\000i\000l\000i\000a\000r\000e\000s}{section*.191}% 184
\BOOKMARK [3][-]{section*.418}{\376\377\000L\000i\000s\000t\000a\000d\000o\000\040\0001}{section*.417}% 185
\BOOKMARK [3][-]{section*.419}{\376\377\000L\000i\000s\000t\000a\000d\000o\000\040\0002}{section*.417}% 186
\BOOKMARK [3][-]{section*.420}{\376\377\000L\000i\000s\000t\000a\000d\000o\000\040\0003}{section*.417}% 187
\BOOKMARK [3][-]{section*.421}{\376\377\000L\000i\000s\000t\000a\000d\000o\000\040\0004}{section*.417}% 188
\BOOKMARK [2][-]{section*.422}{\376\377\000M\000e\000j\000o\000r\000a\000\040\000d\000e\000l\000\040\000r\000a\000z\000o\000n\000a\000m\000i\000e\000n\000t\000o\000\040\000c\000r\000o\000n\000o\000l\000\363\000g\000i\000c\000o\000\040\000e\000n\000\040\000c\000o\000n\000v\000e\000r\000s\000a\000c\000i\000o\000n\000e\000s\000\040\000f\000a\000m\000i\000l\000i\000a\000r\000e\000s\000\040\000u\000t\000i\000l\000i\000z\000a\000n\000d\000o\000\040\000G\000P\000T\000-\0003\000.\0005\000\040\000y\000\040\000G\000P\000T\000-\0004}{section*.191}% 189
\BOOKMARK [3][-]{section*.423}{\376\377\000L\000i\000s\000t\000a\000d\000o\000\040\0001}{section*.422}% 190
\BOOKMARK [3][-]{section*.424}{\376\377\000L\000i\000s\000t\000a\000d\000o\000\040\0002}{section*.422}% 191
\BOOKMARK [3][-]{section*.425}{\376\377\000L\000i\000s\000t\000a\000d\000o\000\040\0003}{section*.422}% 192
\BOOKMARK [3][-]{section*.426}{\376\377\000L\000i\000s\000t\000a\000d\000o\000\040\0004}{section*.422}% 193
\BOOKMARK [3][-]{section*.427}{\376\377\000L\000i\000s\000t\000a\000d\000o\000\040\0005}{section*.422}% 194
\BOOKMARK [2][-]{section*.428}{\376\377\000O\000p\000t\000i\000m\000i\000z\000a\000c\000i\000\363\000n\000\040\000d\000e\000l\000\040\000r\000a\000z\000o\000n\000a\000m\000i\000e\000n\000t\000o\000\040\000c\000r\000o\000n\000o\000l\000\363\000g\000i\000c\000o\000\040\000y\000\040\000m\000a\000n\000e\000j\000o\000\040\000d\000e\000\040\000c\000o\000n\000t\000e\000x\000t\000o\000\040\000e\000n\000\040\000b\000\372\000s\000q\000u\000e\000d\000a\000s\000\040\000s\000e\000m\000\341\000n\000t\000i\000c\000a\000s\000\040\000c\000o\000n\000\040\000G\000P\000T\000-\0004}{section*.191}% 195
\BOOKMARK [3][-]{section*.429}{\376\377\000L\000i\000s\000t\000a\000d\000o\000\040\0001}{section*.428}% 196
\BOOKMARK [3][-]{section*.430}{\376\377\000L\000i\000s\000t\000a\000d\000o\000\040\0002}{section*.428}% 197
\BOOKMARK [3][-]{section*.431}{\376\377\000L\000i\000s\000t\000a\000d\000o\000\040\0003}{section*.428}% 198
\BOOKMARK [3][-]{section*.432}{\376\377\000L\000i\000s\000t\000a\000d\000o\000\040\0004}{section*.428}% 199
\BOOKMARK [3][-]{section*.433}{\376\377\000L\000i\000s\000t\000a\000d\000o\000\040\0005}{section*.428}% 200
\BOOKMARK [2][-]{section*.434}{\376\377\000E\000x\000p\000e\000r\000i\000m\000e\000n\000t\000o\000s\000\040\000c\000o\000m\000b\000i\000n\000a\000d\000o\000s\000\040\000s\000o\000b\000r\000e\000\040\000f\000e\000c\000h\000a\000s\000\040\000y\000\040\000m\000a\000n\000e\000j\000o\000\040\000d\000e\000\040\000c\000a\000n\000t\000i\000d\000a\000d\000e\000s}{section*.191}% 201
\BOOKMARK [3][-]{section*.435}{\376\377\000L\000i\000s\000t\000a\000d\000o\000\040\0001}{section*.434}% 202
\BOOKMARK [3][-]{section*.436}{\376\377\000L\000i\000s\000t\000a\000d\000o\000\040\0002}{section*.434}% 203
\BOOKMARK [3][-]{section*.437}{\376\377\000L\000i\000s\000t\000a\000d\000o\000\040\0003}{section*.434}% 204
\BOOKMARK [3][-]{section*.438}{\376\377\000L\000i\000s\000t\000a\000d\000o\000\040\0004}{section*.434}% 205
\BOOKMARK [2][-]{section*.439}{\376\377\000M\000a\000n\000e\000j\000o\000\040\000d\000e\000\040\000d\000a\000t\000o\000s\000\040\000p\000e\000r\000s\000o\000n\000a\000l\000e\000s\000\040\000y\000\040\000r\000e\000s\000o\000l\000u\000c\000i\000\363\000n\000\040\000d\000e\000\040\000c\000i\000t\000a\000s\000\040\000m\000\351\000d\000i\000c\000a\000s\000\040\000c\000o\000n\000\040\000G\000P\000T\000-\0003\000.\0005\000:\000\040\000c\000o\000n\000j\000u\000n\000t\000o\000\040\000d\000e\000\040\000d\000a\000t\000o\000s\000\040\000r\000e\000f\000e\000r\000e\000n\000t\000e\000\040\000a\000\040\000t\000u\000r\000n\000o\000s\000\040\000d\000e\000\040\000u\000n\000\040\000t\000e\000r\000c\000e\000r\000o}{section*.191}% 206
\BOOKMARK [3][-]{section*.440}{\376\377\000L\000i\000s\000t\000a\000d\000o\000\040\0001}{section*.439}% 207
\BOOKMARK [3][-]{section*.441}{\376\377\000L\000i\000s\000t\000a\000d\000o\000\040\0002}{section*.439}% 208
\BOOKMARK [3][-]{section*.442}{\376\377\000L\000i\000s\000t\000a\000d\000o\000\040\0003}{section*.439}% 209
\BOOKMARK [3][-]{section*.443}{\376\377\000L\000i\000s\000t\000a\000d\000o\000\040\0004}{section*.439}% 210
\BOOKMARK [2][-]{section*.444}{\376\377\000M\000a\000n\000e\000j\000o\000\040\000d\000e\000\040\000d\000a\000t\000o\000s\000\040\000p\000e\000r\000s\000o\000n\000a\000l\000e\000s\000\040\000y\000\040\000e\000r\000r\000o\000r\000e\000s\000\040\000d\000e\000\040\000c\000o\000n\000t\000e\000x\000t\000o\000\040\000e\000n\000\040\000l\000a\000\040\000g\000e\000s\000t\000i\000\363\000n\000\040\000d\000e\000\040\000c\000i\000t\000a\000s\000\040\000m\000\351\000d\000i\000c\000a\000s\000\040\000c\000o\000n\000\040\000G\000P\000T\000-\0003\000.\0005}{section*.191}% 211
\BOOKMARK [3][-]{section*.445}{\376\377\000L\000i\000s\000t\000a\000d\000o\000\040\0001}{section*.444}% 212
\BOOKMARK [3][-]{section*.446}{\376\377\000L\000i\000s\000t\000a\000d\000o\000\040\0002}{section*.444}% 213
\BOOKMARK [3][-]{section*.447}{\376\377\000L\000i\000s\000t\000a\000d\000o\000\040\0003}{section*.444}% 214
\BOOKMARK [3][-]{section*.448}{\376\377\000L\000i\000s\000t\000a\000d\000o\000\040\0004}{section*.444}% 215
\BOOKMARK [3][-]{section*.449}{\376\377\000L\000i\000s\000t\000a\000d\000o\000\040\0005}{section*.444}% 216
\BOOKMARK [3][-]{section*.450}{\376\377\000L\000i\000s\000t\000a\000d\000o\000\040\0006}{section*.444}% 217
\BOOKMARK [2][-]{section*.451}{\376\377\000C\000r\000e\000a\000c\000i\000\363\000n\000\040\000d\000e\000\040\000d\000a\000t\000o\000s\000\040\000f\000a\000m\000i\000l\000i\000a\000r\000e\000s}{section*.191}% 218
\BOOKMARK [3][-]{section*.452}{\376\377\000L\000i\000s\000t\000a\000d\000o\000\040\0001}{section*.451}% 219
\BOOKMARK [2][-]{section*.453}{\376\377\000C\000r\000e\000a\000c\000i\000\363\000n\000\040\000d\000e\000\040\000c\000o\000n\000j\000u\000n\000t\000o\000\040\000d\000e\000\040\000d\000a\000t\000o\000s\000\040\000m\000\351\000d\000i\000c\000o\000s\000\040\000d\000e\000\040\000a\000l\000c\000a\000n\000c\000e\000\040\000i\000n\000t\000e\000r\000m\000e\000d\000i\000o\000\040\000\050\0001\000\040\000a\000\361\000o\000\051}{section*.191}% 220
\BOOKMARK [3][-]{section*.454}{\376\377\000L\000i\000s\000t\000a\000d\000o\000\040\0001}{section*.453}% 221
\BOOKMARK [3][-]{section*.455}{\376\377\000L\000i\000s\000t\000a\000d\000o\000\040\0002}{section*.453}% 222
\BOOKMARK [3][-]{section*.456}{\376\377\000L\000i\000s\000t\000a\000d\000o\000\040\0003}{section*.453}% 223
\BOOKMARK [3][-]{section*.457}{\376\377\000L\000i\000s\000t\000a\000d\000o\000\040\0004}{section*.453}% 224
\BOOKMARK [2][-]{section*.458}{\376\377\000C\000r\000e\000a\000c\000i\000\363\000n\000\040\000d\000e\000\040\000c\000o\000n\000j\000u\000n\000t\000o\000\040\000d\000e\000\040\000d\000a\000t\000o\000s\000\040\000d\000e\000\040\000c\000o\000n\000s\000u\000m\000o\000\040\000d\000e\000\040\000m\000e\000d\000i\000a\000n\000o\000\040\000p\000l\000a\000z\000o\000\040\000\050\0001\000\040\000a\000\361\000o\000\051}{section*.191}% 225
\BOOKMARK [3][-]{section*.459}{\376\377\000L\000i\000s\000t\000a\000d\000o\000\040\0001}{section*.458}% 226
\BOOKMARK [3][-]{section*.460}{\376\377\000L\000i\000s\000t\000a\000d\000o\000\040\0002}{section*.458}% 227
\BOOKMARK [3][-]{section*.461}{\376\377\000L\000i\000s\000t\000a\000d\000o\000\040\0003}{section*.458}% 228
\BOOKMARK [2][-]{section*.462}{\376\377\000I\000n\000g\000e\000s\000t\000i\000\363\000n\000\040\000a\000\040\000b\000a\000s\000e\000\040\000d\000e\000\040\000d\000a\000t\000o\000s\000\040\000d\000e\000\040\000l\000o\000s\000\040\000d\000a\000t\000o\000s\000\040\000s\000i\000n\000t\000\351\000t\000i\000c\000o\000s}{section*.191}% 229
\BOOKMARK [3][-]{section*.463}{\376\377\000L\000i\000s\000t\000a\000d\000o\000\040\0001}{section*.462}% 230
\BOOKMARK [3][-]{section*.464}{\376\377\000L\000i\000s\000t\000a\000d\000o\000\040\0002}{section*.462}% 231
\BOOKMARK [3][-]{section*.465}{\376\377\000L\000i\000s\000t\000a\000d\000o\000\040\0003}{section*.462}% 232
\BOOKMARK [3][-]{section*.466}{\376\377\000L\000i\000s\000t\000a\000d\000o\000\040\0004}{section*.462}% 233
\BOOKMARK [3][-]{section*.467}{\376\377\000L\000i\000s\000t\000a\000d\000o\000\040\0005}{section*.462}% 234
\BOOKMARK [3][-]{section*.468}{\376\377\000L\000i\000s\000t\000a\000d\000o\000\040\0006}{section*.462}% 235
\BOOKMARK [3][-]{section*.469}{\376\377\000L\000i\000s\000t\000a\000d\000o\000\040\0007}{section*.462}% 236
\BOOKMARK [3][-]{section*.470}{\376\377\000L\000i\000s\000t\000a\000d\000o\000\040\0008}{section*.462}% 237
\BOOKMARK [3][-]{section*.471}{\376\377\000L\000i\000s\000t\000a\000d\000o\000\040\0009}{section*.462}% 238
\BOOKMARK [3][-]{section*.472}{\376\377\000L\000i\000s\000t\000a\000d\000o\000\040\0001\0000}{section*.462}% 239
\BOOKMARK [3][-]{section*.473}{\376\377\000L\000i\000s\000t\000a\000d\000o\000\040\0001\0001}{section*.462}% 240
\BOOKMARK [3][-]{section*.474}{\376\377\000L\000i\000s\000t\000a\000d\000o\000\040\0001\0002}{section*.462}% 241
\BOOKMARK [3][-]{section*.475}{\376\377\000L\000i\000s\000t\000a\000d\000o\000\040\0001\0003}{section*.462}% 242
\BOOKMARK [3][-]{section*.476}{\376\377\000L\000i\000s\000t\000a\000d\000o\000\040\0001\0004}{section*.462}% 243
\BOOKMARK [3][-]{section*.477}{\376\377\000L\000i\000s\000t\000a\000d\000o\000\040\0001\0005}{section*.462}% 244
\BOOKMARK [3][-]{section*.478}{\376\377\000L\000i\000s\000t\000a\000d\000o\000\040\0001\0006}{section*.462}% 245
\BOOKMARK [2][-]{section*.479}{\376\377\000I\000n\000s\000e\000r\000c\000i\000\363\000n\000\040\000e\000n\000\040\000b\000a\000s\000e\000\040\000d\000e\000\040\000d\000o\000c\000u\000m\000e\000n\000t\000o\000s\000\040\000c\000o\000n\000\040\000s\000o\000p\000o\000r\000t\000e\000\040\000v\000e\000c\000t\000o\000r\000i\000a\000l\000\040\000y\000\040\000c\000o\000n\000s\000u\000l\000t\000a\000s}{section*.191}% 246
\BOOKMARK [3][-]{section*.480}{\376\377\000L\000i\000s\000t\000a\000d\000o\000\040\0001}{section*.479}% 247
\BOOKMARK [3][-]{section*.481}{\376\377\000L\000i\000s\000t\000a\000d\000o\000\040\0002}{section*.479}% 248
\BOOKMARK [3][-]{section*.482}{\376\377\000L\000i\000s\000t\000a\000d\000o\000\040\0003}{section*.479}% 249
\BOOKMARK [3][-]{section*.483}{\376\377\000L\000i\000s\000t\000a\000d\000o\000\040\0004}{section*.479}% 250
\BOOKMARK [3][-]{section*.484}{\376\377\000L\000i\000s\000t\000a\000d\000o\000\040\0005}{section*.479}% 251
\BOOKMARK [3][-]{section*.485}{\376\377\000L\000i\000s\000t\000a\000d\000o\000\040\0006}{section*.479}% 252
\BOOKMARK [3][-]{section*.486}{\376\377\000L\000i\000s\000t\000a\000d\000o\000\040\0007}{section*.479}% 253
\BOOKMARK [2][-]{section*.487}{\376\377\000S\000i\000m\000u\000l\000a\000c\000i\000\363\000n\000\040\000c\000o\000n\000\040\000e\000l\000\040\000m\000\351\000t\000o\000d\000o\000\040\000D\000e\000l\000p\000h\000i\000\040\000c\000o\000n\000\040\000L\000L\000M}{section*.191}% 254
\BOOKMARK [3][-]{section*.488}{\376\377\000L\000i\000s\000t\000a\000d\000o\000\040\0001}{section*.487}% 255
\BOOKMARK [3][-]{section*.489}{\376\377\000L\000i\000s\000t\000a\000d\000o\000\040\0002}{section*.487}% 256
\BOOKMARK [3][-]{section*.490}{\376\377\000L\000i\000s\000t\000a\000d\000o\000\040\0003}{section*.487}% 257
\BOOKMARK [3][-]{section*.491}{\376\377\000L\000i\000s\000t\000a\000d\000o\000\040\0004}{section*.487}% 258
\BOOKMARK [3][-]{section*.492}{\376\377\000L\000i\000s\000t\000a\000d\000o\000\040\0005}{section*.487}% 259
\BOOKMARK [3][-]{section*.493}{\376\377\000L\000i\000s\000t\000a\000d\000o\000\040\0006}{section*.487}% 260
\BOOKMARK [3][-]{section*.494}{\376\377\000L\000i\000s\000t\000a\000d\000o\000\040\0007}{section*.487}% 261
\BOOKMARK [3][-]{section*.495}{\376\377\000L\000i\000s\000t\000a\000d\000o\000\040\0008}{section*.487}% 262
\BOOKMARK [3][-]{section*.496}{\376\377\000L\000i\000s\000t\000a\000d\000o\000\040\0009}{section*.487}% 263
\BOOKMARK [3][-]{section*.497}{\376\377\000L\000i\000s\000t\000a\000d\000o\000\040\0001\0000}{section*.487}% 264
\BOOKMARK [3][-]{section*.498}{\376\377\000L\000i\000s\000t\000a\000d\000o\000\040\0001\0001}{section*.487}% 265
\BOOKMARK [3][-]{section*.499}{\376\377\000L\000i\000s\000t\000a\000d\000o\000\040\0001\0002}{section*.487}% 266
\BOOKMARK [3][-]{section*.500}{\376\377\000L\000i\000s\000t\000a\000d\000o\000\040\0001\0003}{section*.487}% 267
\BOOKMARK [3][-]{section*.501}{\376\377\000L\000i\000s\000t\000a\000d\000o\000\040\0001\0004}{section*.487}% 268
\BOOKMARK [3][-]{section*.502}{\376\377\000L\000i\000s\000t\000a\000d\000o\000\040\0001\0005}{section*.487}% 269
\BOOKMARK [3][-]{section*.503}{\376\377\000L\000i\000s\000t\000a\000d\000o\000\040\0001\0006}{section*.487}% 270
\BOOKMARK [3][-]{section*.504}{\376\377\000L\000i\000s\000t\000a\000d\000o\000\040\0001\0007}{section*.487}% 271
\BOOKMARK [3][-]{section*.505}{\376\377\000L\000i\000s\000t\000a\000d\000o\000\040\0001\0008}{section*.487}% 272
\BOOKMARK [3][-]{section*.506}{\376\377\000L\000i\000s\000t\000a\000d\000o\000\040\0001\0009}{section*.487}% 273
\BOOKMARK [3][-]{section*.507}{\376\377\000L\000i\000s\000t\000a\000d\000o\000\040\0002\0000}{section*.487}% 274
\BOOKMARK [3][-]{section*.508}{\376\377\000L\000i\000s\000t\000a\000d\000o\000\040\0002\0001}{section*.487}% 275
\BOOKMARK [3][-]{section*.509}{\376\377\000L\000i\000s\000t\000a\000d\000o\000\040\0002\0002}{section*.487}% 276
\BOOKMARK [2][-]{section*.510}{\376\377\000D\000e\000s\000a\000r\000r\000o\000l\000l\000o\000\040\000d\000e\000\040\000l\000a\000\040\000s\000i\000m\000u\000l\000a\000c\000i\000\363\000n}{section*.191}% 277
\BOOKMARK [3][-]{section*.511}{\376\377\000L\000i\000s\000t\000a\000d\000o\000\040\0001}{section*.510}% 278
\BOOKMARK [3][-]{section*.512}{\376\377\000L\000i\000s\000t\000a\000d\000o\000\040\0002}{section*.510}% 279
\BOOKMARK [3][-]{section*.513}{\376\377\000L\000i\000s\000t\000a\000d\000o\000\040\0003}{section*.510}% 280
\BOOKMARK [3][-]{section*.514}{\376\377\000L\000i\000s\000t\000a\000d\000o\000\040\0004}{section*.510}% 281
\BOOKMARK [3][-]{section*.515}{\376\377\000L\000i\000s\000t\000a\000d\000o\000\040\0005}{section*.510}% 282
\BOOKMARK [3][-]{section*.516}{\376\377\000L\000i\000s\000t\000a\000d\000o\000\040\0006}{section*.510}% 283
\BOOKMARK [3][-]{section*.517}{\376\377\000L\000i\000s\000t\000a\000d\000o\000\040\0007}{section*.510}% 284
\BOOKMARK [3][-]{section*.518}{\376\377\000L\000i\000s\000t\000a\000d\000o\000\040\0008}{section*.510}% 285
\BOOKMARK [3][-]{section*.519}{\376\377\000L\000i\000s\000t\000a\000d\000o\000\040\0009}{section*.510}% 286
\BOOKMARK [3][-]{section*.520}{\376\377\000L\000i\000s\000t\000a\000d\000o\000\040\0001\0000}{section*.510}% 287
\BOOKMARK [3][-]{section*.521}{\376\377\000L\000i\000s\000t\000a\000d\000o\000\040\0001\0001}{section*.510}% 288
\BOOKMARK [3][-]{section*.522}{\376\377\000L\000i\000s\000t\000a\000d\000o\000\040\0001\0002}{section*.510}% 289
\BOOKMARK [3][-]{section*.523}{\376\377\000L\000i\000s\000t\000a\000d\000o\000\040\0001\0003}{section*.510}% 290
\BOOKMARK [3][-]{section*.524}{\376\377\000L\000i\000s\000t\000a\000d\000o\000\040\0001\0004}{section*.510}% 291
\BOOKMARK [3][-]{section*.525}{\376\377\000L\000i\000s\000t\000a\000d\000o\000\040\0001\0005}{section*.510}% 292
\BOOKMARK [3][-]{section*.526}{\376\377\000L\000i\000s\000t\000a\000d\000o\000\040\0001\0006}{section*.510}% 293
\BOOKMARK [3][-]{section*.527}{\376\377\000L\000i\000s\000t\000a\000d\000o\000\040\0001\0007}{section*.510}% 294
\BOOKMARK [3][-]{section*.528}{\376\377\000L\000i\000s\000t\000a\000d\000o\000\040\0001\0008}{section*.510}% 295
\BOOKMARK [2][-]{section*.529}{\376\377\000E\000v\000a\000l\000u\000a\000c\000i\000\363\000n\000\040\000f\000i\000n\000a\000n\000c\000i\000e\000r\000a\000\040\000c\000o\000n\000\040\000c\000h\000u\000r\000n\000,\000\040\000r\000e\000n\000o\000v\000a\000c\000i\000o\000n\000e\000s\000\040\000e\000\040\000i\000m\000p\000a\000g\000o}{section*.191}% 296
\BOOKMARK [3][-]{section*.530}{\376\377\000L\000i\000s\000t\000a\000d\000o\000\040\0001}{section*.529}% 297
\BOOKMARK [1][-]{appendix.3}{\376\377\000R\000e\000f\000e\000r\000e\000n\000c\000i\000a\000s}{}% 298
\BOOKMARK [1][-]{appendix.4}{\376\377\000B\000i\000b\000l\000i\000o\000g\000r\000a\000f\000\355\000a\000\040\000c\000o\000n\000s\000u\000l\000t\000a\000d\000a}{}% 299
