\BOOKMARK [1][-]{section*.2}{\376\377\000R\000e\000s\000u\000m\000e\000n}{}% 1
\BOOKMARK [1][-]{section*.3}{\376\377\000S\000\355\000n\000t\000e\000s\000i\000s\000\040\000E\000j\000e\000c\000u\000t\000i\000v\000a}{}% 2
\BOOKMARK [1][-]{section*.4}{\376\377\000I\000n\000t\000r\000o\000d\000u\000c\000c\000i\000\363\000n\000\040\000/\000\040\000P\000l\000a\000n\000t\000e\000o\000\040\000d\000e\000l\000\040\000P\000r\000o\000b\000l\000e\000m\000a}{}% 3
\BOOKMARK [2][-]{section*.5}{\376\377\000M\000o\000t\000i\000v\000a\000c\000i\000o\000n\000e\000s}{section*.4}% 4
\BOOKMARK [3][-]{section*.6}{\376\377\000A\000n\000t\000e\000c\000e\000d\000e\000n\000t\000e\000s}{section*.5}% 5
\BOOKMARK [3][-]{section*.7}{\376\377\000P\000l\000a\000n\000t\000e\000o\000\040\000d\000e\000l\000\040\000P\000r\000o\000b\000l\000e\000m\000a}{section*.5}% 6
\BOOKMARK [1][-]{section*.11}{\376\377\000O\000b\000j\000e\000t\000i\000v\000o\000s\000\040\000e\000\040\000H\000i\000p\000\363\000t\000e\000s\000i\000s}{}% 7
\BOOKMARK [2][-]{section*.12}{\376\377\000H\000i\000p\000\363\000t\000e\000s\000i\000s}{section*.11}% 8
\BOOKMARK [2][-]{section*.13}{\376\377\000O\000b\000j\000e\000t\000i\000v\000o\000s}{section*.11}% 9
\BOOKMARK [1][-]{section*.14}{\376\377\000M\000e\000t\000o\000d\000o\000l\000o\000g\000\355\000a}{}% 10
\BOOKMARK [2][-]{section*.15}{\376\377\000E\000t\000a\000p\000a\000s\000\040\000d\000e\000\040\000t\000r\000a\000b\000a\000j\000o}{section*.14}% 11
\BOOKMARK [1][-]{section*.16}{\376\377\000D\000e\000s\000a\000r\000r\000o\000l\000l\000o}{}% 12
\BOOKMARK [2][-]{section*.17}{\376\377\000E\000x\000p\000e\000r\000i\000m\000e\000n\000t\000o\000s\000\040\000d\000e\000\040\000P\000r\000o\000m\000p\000t\000i\000n\000g\000\040\000s\000o\000b\000r\000e\000\040\000p\000r\000o\000b\000l\000e\000m\000a\000s\000\040\000d\000e\000\040\000a\000l\000c\000a\000n\000c\000e\000\040\000m\000u\000y\000\040\000f\000o\000c\000a\000l\000i\000z\000a\000d\000o}{section*.16}% 13
\BOOKMARK [3][-]{section*.18}{\376\377\000P\000r\000i\000m\000e\000r\000a\000\040\000I\000t\000e\000r\000a\000c\000i\000\363\000n}{section*.17}% 14
\BOOKMARK [3][-]{section*.25}{\376\377\000C\000r\000e\000a\000c\000i\000\363\000n\000\040\000d\000e\000\040\000u\000n\000a\000\040\000B\000a\000s\000e\000\040\000d\000e\000\040\000M\000e\000n\000s\000a\000j\000e\000s\000\040\000d\000e\000l\000\040\000U\000s\000u\000a\000r\000i\000o\000\040\000y\000\040\000A\000c\000t\000i\000v\000a\000c\000i\000\363\000n\000\040\000d\000e\000\040\000F\000i\000l\000t\000r\000o\000s}{section*.17}% 15
\BOOKMARK [3][-]{section*.30}{\376\377\000S\000i\000m\000i\000l\000i\000t\000u\000d\000\040\000e\000n\000t\000r\000e\000\040\000c\000o\000n\000s\000u\000l\000t\000a\000s\000\040\000y\000\040\000e\000x\000t\000r\000a\000c\000t\000o\000s\000\040\000d\000e\000\040\000c\000o\000n\000v\000e\000r\000s\000a\000c\000i\000o\000n\000e\000s}{section*.17}% 16
\BOOKMARK [3][-]{section*.37}{\376\377\000I\000m\000p\000l\000e\000m\000e\000n\000t\000a\000c\000i\000\363\000n\000\040\000d\000e\000\040\000B\000\372\000s\000q\000u\000e\000d\000a\000s\000\040\000S\000e\000m\000\341\000n\000t\000i\000c\000a\000s\000\040\000c\000o\000n\000\040\000R\000e\000d\000i\000s\000\040\000y\000\040\000F\000A\000I\000S\000S\000\040\000p\000a\000r\000a\000\040\000l\000a\000\040\000G\000e\000s\000t\000i\000\363\000n\000\040\000d\000e\000\040\000S\000e\000s\000i\000o\000n\000e\000s\000\040\000d\000e\000\040\000U\000s\000u\000a\000r\000i\000o}{section*.17}% 17
\BOOKMARK [3][-]{section*.46}{\376\377\000A\000n\000\341\000l\000i\000s\000i\000s\000\040\000d\000e\000l\000\040\000P\000r\000o\000c\000e\000s\000o\000\040\000d\000e\000\040\000V\000e\000c\000t\000o\000r\000i\000z\000a\000c\000i\000\363\000n\000\040\000d\000e\000\040\000C\000o\000n\000v\000e\000r\000s\000a\000c\000i\000o\000n\000e\000s\000\040\000y\000\040\000B\000\372\000s\000q\000u\000e\000d\000a\000\040\000S\000e\000m\000\341\000n\000t\000i\000c\000a}{section*.17}% 18
\BOOKMARK [3][-]{section*.54}{\376\377\000A\000n\000\341\000l\000i\000s\000i\000s\000\040\000d\000e\000l\000\040\000e\000n\000f\000o\000q\000u\000e\000\040\000e\000n\000\040\000l\000a\000\040\000r\000e\000c\000u\000p\000e\000r\000a\000c\000i\000\363\000n\000\040\000d\000e\000\040\000i\000n\000f\000o\000r\000m\000a\000c\000i\000\363\000n\000\040\000s\000o\000b\000r\000e\000\040\000u\000n\000\040\000p\000a\000r\000i\000e\000n\000t\000e\000\040\000d\000e\000l\000\040\000u\000s\000u\000a\000r\000i\000o}{section*.17}% 19
\BOOKMARK [3][-]{section*.61}{\376\377\000A\000n\000\341\000l\000i\000s\000i\000s\000\040\000d\000e\000\040\000l\000a\000\040\000M\000e\000j\000o\000r\000a\000\040\000e\000n\000\040\000l\000a\000\040\000E\000s\000t\000r\000u\000c\000t\000u\000r\000a\000\040\000d\000e\000l\000\040\000C\000o\000n\000t\000e\000x\000t\000o\000\040\000p\000a\000r\000a\000\040\000l\000a\000\040\000R\000e\000c\000u\000p\000e\000r\000a\000c\000i\000\363\000n\000\040\000d\000e\000\040\000I\000n\000f\000o\000r\000m\000a\000c\000i\000\363\000n}{section*.17}% 20
\BOOKMARK [3][-]{section*.70}{\376\377\000A\000n\000\341\000l\000i\000s\000i\000s\000\040\000d\000e\000\040\000l\000a\000\040\000I\000n\000t\000e\000r\000p\000r\000e\000t\000a\000c\000i\000\363\000n\000\040\000d\000e\000\040\000F\000e\000c\000h\000a\000s\000\040\000y\000\040\000R\000a\000z\000o\000n\000a\000m\000i\000e\000n\000t\000o\000\040\000C\000r\000o\000n\000o\000l\000\363\000g\000i\000c\000o}{section*.17}% 21
\BOOKMARK [3][-]{section*.78}{\376\377\000I\000n\000f\000l\000u\000e\000n\000c\000i\000a\000\040\000d\000e\000\040\000l\000a\000\040\000e\000s\000t\000r\000u\000c\000t\000u\000r\000a\000\040\000d\000e\000l\000\040\000c\000o\000n\000t\000e\000x\000t\000o\000\040\000e\000n\000\040\000e\000l\000\040\000r\000a\000z\000o\000n\000a\000m\000i\000e\000n\000t\000o\000\040\000c\000r\000o\000n\000o\000l\000\363\000g\000i\000c\000o}{section*.17}% 22
\BOOKMARK [3][-]{section*.88}{\376\377\000A\000g\000r\000e\000g\000a\000d\000o\000\040\000d\000e\000\040\000u\000n\000\040\000P\000a\000s\000o\000\040\000d\000e\000\040\000E\000x\000t\000r\000a\000c\000c\000i\000\363\000n\000\040\000y\000\040\000L\000i\000m\000p\000i\000e\000z\000a\000\040\000a\000\040\000u\000n\000\040\000C\000o\000n\000j\000u\000n\000t\000o\000\040\000d\000e\000\040\000D\000a\000t\000o\000s\000\040\000c\000o\000n\000\040\0004\000\040\000M\000i\000e\000m\000b\000r\000o\000s\000\040\000d\000e\000\040\000u\000n\000\040\000G\000r\000u\000p\000o\000\040\000F\000a\000m\000i\000l\000i\000a\000r}{section*.17}% 23
\BOOKMARK [3][-]{section*.98}{\376\377\000R\000a\000z\000o\000n\000a\000m\000i\000e\000n\000t\000o\000\040\000C\000r\000o\000n\000o\000l\000\363\000g\000i\000c\000o\000\040\000y\000\040\000E\000x\000t\000r\000a\000c\000c\000i\000\363\000n\000\040\000d\000e\000\040\000D\000a\000t\000o\000s\000\040\000e\000n\000\040\000C\000o\000n\000v\000e\000r\000s\000a\000c\000i\000o\000n\000e\000s\000\040\000F\000a\000m\000i\000l\000i\000a\000r\000e\000s}{section*.17}% 24
\BOOKMARK [3][-]{section*.104}{\376\377\000M\000e\000j\000o\000r\000a\000\040\000d\000e\000l\000\040\000R\000a\000z\000o\000n\000a\000m\000i\000e\000n\000t\000o\000\040\000C\000r\000o\000n\000o\000l\000\363\000g\000i\000c\000o\000\040\000e\000n\000\040\000C\000o\000n\000v\000e\000r\000s\000a\000c\000i\000o\000n\000e\000s\000\040\000F\000a\000m\000i\000l\000i\000a\000r\000e\000s\000\040\000U\000t\000i\000l\000i\000z\000a\000n\000d\000o\000\040\000G\000P\000T\000-\0003\000.\0005\000\040\000y\000\040\000G\000P\000T\000-\0004}{section*.17}% 25
\BOOKMARK [3][-]{section*.111}{\376\377\000O\000p\000t\000i\000m\000i\000z\000a\000c\000i\000\363\000n\000\040\000d\000e\000l\000\040\000R\000a\000z\000o\000n\000a\000m\000i\000e\000n\000t\000o\000\040\000C\000r\000o\000n\000o\000l\000\363\000g\000i\000c\000o\000\040\000y\000\040\000M\000a\000n\000e\000j\000o\000\040\000d\000e\000\040\000C\000o\000n\000t\000e\000x\000t\000o\000\040\000e\000n\000\040\000B\000\372\000s\000q\000u\000e\000d\000a\000s\000\040\000S\000e\000m\000\341\000n\000t\000i\000c\000a\000s\000\040\000c\000o\000n\000\040\000G\000P\000T\000-\0004}{section*.17}% 26
\BOOKMARK [3][-]{section*.119}{\376\377\000E\000x\000p\000e\000r\000i\000m\000e\000n\000t\000o\000s\000\040\000C\000o\000m\000b\000i\000n\000a\000d\000o\000s\000\040\000s\000o\000b\000r\000e\000\040\000F\000e\000c\000h\000a\000s\000\040\000y\000\040\000M\000a\000n\000e\000j\000o\000\040\000d\000e\000\040\000C\000a\000n\000t\000i\000d\000a\000d\000e\000s}{section*.17}% 27
\BOOKMARK [3][-]{section*.126}{\376\377\000M\000a\000n\000e\000j\000o\000\040\000d\000e\000\040\000D\000a\000t\000o\000s\000\040\000P\000e\000r\000s\000o\000n\000a\000l\000e\000s\000\040\000y\000\040\000R\000e\000s\000o\000l\000u\000c\000i\000\363\000n\000\040\000d\000e\000\040\000C\000i\000t\000a\000s\000\040\000M\000\351\000d\000i\000c\000a\000s\000\040\000c\000o\000n\000\040\000G\000P\000T\000-\0003\000.\0005\000:\000\040\000C\000o\000n\000j\000u\000n\000t\000o\000\040\000d\000e\000\040\000D\000a\000t\000o\000s\000\040\000R\000e\000f\000e\000r\000e\000n\000t\000e\000\040\000a\000\040\000T\000u\000r\000n\000o\000s\000\040\000d\000e\000\040\000u\000n\000\040\000T\000e\000r\000c\000e\000r\000o}{section*.17}% 28
\BOOKMARK [3][-]{section*.132}{\376\377\000M\000a\000n\000e\000j\000o\000\040\000d\000e\000\040\000D\000a\000t\000o\000s\000\040\000P\000e\000r\000s\000o\000n\000a\000l\000e\000s\000\040\000y\000\040\000E\000r\000r\000o\000r\000e\000s\000\040\000d\000e\000\040\000C\000o\000n\000t\000e\000x\000t\000o\000\040\000e\000n\000\040\000l\000a\000\040\000G\000e\000s\000t\000i\000\363\000n\000\040\000d\000e\000\040\000C\000i\000t\000a\000s\000\040\000M\000\351\000d\000i\000c\000a\000s\000\040\000c\000o\000n\000\040\000G\000P\000T\000-\0003\000.\0005}{section*.17}% 29
\BOOKMARK [2][-]{section*.138}{\376\377\000A\000m\000p\000l\000i\000a\000c\000i\000\363\000n\000\040\000d\000e\000\040\000C\000o\000n\000j\000u\000n\000t\000o\000s\000\040\000d\000e\000\040\000D\000a\000t\000o\000s\000\040\000d\000e\000\040\000C\000o\000n\000t\000e\000x\000t\000o\000\040\000p\000o\000r\000\040\000I\000n\000g\000e\000s\000t\000i\000\363\000n\000\040\000d\000e\000\040\000D\000o\000c\000u\000m\000e\000n\000t\000o\000s}{section*.16}% 30
\BOOKMARK [2][-]{section*.139}{\376\377\000C\000r\000e\000a\000c\000i\000\363\000n\000\040\000d\000e\000\040\000c\000o\000n\000j\000u\000n\000t\000o\000s\000\040\000d\000e\000\040\000d\000a\000t\000o\000s\000\040\000s\000i\000n\000t\000\351\000t\000i\000c\000o\000s}{section*.16}% 31
\BOOKMARK [3][-]{section*.140}{\376\377\000C\000r\000e\000a\000c\000i\000\363\000n\000\040\000d\000e\000\040\000d\000a\000t\000o\000s\000\040\000f\000a\000m\000i\000l\000i\000a\000r\000e\000s}{section*.139}% 32
\BOOKMARK [3][-]{section*.141}{\376\377\000C\000r\000e\000a\000c\000i\000\363\000n\000\040\000d\000e\000\040\000c\000o\000n\000j\000u\000n\000t\000o\000\040\000d\000e\000\040\000d\000a\000t\000o\000s\000\040\000m\000\351\000d\000i\000c\000o\000s\000\040\000d\000e\000\040\000a\000l\000c\000a\000n\000c\000e\000\040\000i\000n\000t\000e\000r\000m\000e\000d\000i\000o\000\040\000\050\0001\000\040\000a\000\361\000o\000\051}{section*.139}% 33
\BOOKMARK [3][-]{section*.147}{\376\377\000C\000r\000e\000a\000c\000i\000\363\000n\000\040\000d\000e\000\040\000c\000o\000n\000j\000u\000n\000t\000o\000\040\000d\000e\000\040\000d\000a\000t\000o\000s\000\040\000d\000e\000\040\000c\000o\000n\000s\000u\000m\000o\000\040\000d\000e\000\040\000m\000e\000d\000i\000a\000n\000o\000\040\000p\000l\000a\000z\000o\000\040\000\050\0001\000\040\000a\000\361\000o\000\051}{section*.139}% 34
\BOOKMARK [2][-]{section*.151}{\376\377\000I\000n\000g\000e\000s\000t\000i\000\363\000n\000\040\000a\000\040\000b\000a\000s\000e\000\040\000d\000e\000\040\000d\000a\000t\000o\000s\000\040\000d\000e\000\040\000l\000o\000s\000\040\000d\000a\000t\000o\000s\000\040\000s\000i\000n\000t\000\351\000t\000i\000c\000o\000s}{section*.16}% 35
\BOOKMARK [3][-]{section*.152}{\376\377\000I\000n\000g\000e\000s\000t\000i\000\363\000n\000\040\000a\000\040\000b\000a\000s\000e\000\040\000d\000e\000\040\000g\000r\000a\000f\000o\000s}{section*.151}% 36
\BOOKMARK [3][-]{section*.156}{\376\377\000I\000n\000s\000e\000r\000c\000i\000\363\000n\000\040\000e\000n\000\040\000b\000a\000s\000e\000\040\000d\000e\000\040\000d\000o\000c\000u\000m\000e\000n\000t\000o\000s\000\040\000c\000o\000n\000\040\000s\000o\000p\000o\000r\000t\000e\000\040\000v\000e\000c\000t\000o\000r\000i\000a\000l\000\040\000y\000\040\000c\000o\000n\000s\000u\000l\000t\000a\000s}{section*.151}% 37
\BOOKMARK [1][-]{section*.163}{\376\377\000C\000o\000n\000c\000l\000u\000s\000i\000o\000n\000e\000s}{}% 38
\BOOKMARK [2][-]{section*.164}{\376\377\000V\000i\000a\000b\000i\000l\000i\000d\000a\000d}{section*.163}% 39
\BOOKMARK [3][-]{section*.165}{\376\377\000R\000e\000c\000u\000r\000s\000o\000s\000\040\000N\000e\000c\000e\000s\000a\000r\000i\000o\000s\000\040\000p\000a\000r\000a\000\040\000l\000a\000\040\000I\000m\000p\000l\000e\000m\000e\000n\000t\000a\000c\000i\000\363\000n}{section*.164}% 40
\BOOKMARK [3][-]{section*.166}{\376\377\000L\000i\000m\000i\000t\000a\000c\000i\000o\000n\000e\000s\000\040\000d\000e\000\040\000l\000a\000\040\000s\000o\000l\000u\000c\000i\000\363\000n\000\040\000a\000c\000t\000u\000a\000l}{section*.164}% 41
\BOOKMARK [3][-]{section*.167}{\376\377\000F\000u\000n\000c\000i\000o\000n\000a\000l\000i\000d\000a\000d\000e\000s\000\040\000a\000\040\000d\000e\000s\000a\000r\000r\000o\000l\000l\000a\000r\000\040\000e\000n\000\040\000f\000a\000s\000e\000s\000\040\000s\000u\000c\000e\000s\000i\000v\000a\000s}{section*.164}% 42
\BOOKMARK [1][-]{section*.168}{\376\377\000A\000n\000e\000x\000o\000\040\000-\000\040\000P\000l\000a\000n\000\040\000d\000e\000\040\000N\000e\000g\000o\000c\000i\000o}{}% 43
\BOOKMARK [2][-]{section*.169}{\376\377\000I\000n\000t\000r\000o\000d\000u\000c\000c\000i\000\363\000n}{section*.168}% 44
\BOOKMARK [3][-]{section*.170}{\376\377\000C\000o\000n\000s\000i\000d\000e\000r\000a\000n\000d\000o\000s}{section*.169}% 45
\BOOKMARK [3][-]{section*.171}{\376\377\000A\000c\000t\000o\000r\000e\000s\000\040\000d\000e\000l\000\040\000m\000e\000r\000c\000a\000d\000o}{section*.169}% 46
\BOOKMARK [3][-]{section*.172}{\376\377\000D\000e\000f\000i\000n\000i\000c\000i\000\363\000n\000\040\000d\000e\000l\000\040\000p\000r\000o\000d\000u\000c\000t\000o}{section*.169}% 47
\BOOKMARK [2][-]{section*.173}{\376\377\000A\000n\000\341\000l\000i\000s\000i\000s\000\040\000e\000s\000t\000r\000a\000t\000\351\000g\000i\000c\000o}{section*.168}% 48
\BOOKMARK [3][-]{section*.174}{\376\377\000A\000n\000\341\000l\000i\000s\000i\000s\000\040\000F\000O\000D\000A}{section*.173}% 49
\BOOKMARK [3][-]{section*.179}{\376\377\000P\000r\000o\000p\000u\000e\000s\000t\000a\000\040\000d\000e\000\040\000v\000a\000l\000o\000r}{section*.173}% 50
\BOOKMARK [3][-]{section*.187}{\376\377\000E\000j\000e\000m\000p\000l\000o\000s\000\040\000d\000e\000\040\000i\000m\000p\000a\000c\000t\000o\000\040\000p\000o\000r\000\040\000i\000n\000d\000u\000s\000t\000r\000i\000a}{section*.173}% 51
\BOOKMARK [2][-]{section*.198}{\376\377\000P\000l\000a\000n\000\040\000c\000o\000m\000e\000r\000c\000i\000a\000l\000\040\000c\000o\000n\000\040\000e\000s\000t\000i\000m\000a\000c\000i\000\363\000n\000\040\000d\000e\000\040\000v\000e\000n\000t\000a\000s}{section*.168}% 52
\BOOKMARK [3][-]{section*.199}{\376\377\000D\000e\000f\000i\000n\000i\000c\000i\000\363\000n\000\040\000d\000e\000l\000\040\000p\000r\000o\000d\000u\000c\000t\000o}{section*.198}% 53
\BOOKMARK [3][-]{section*.200}{\376\377\000S\000e\000g\000m\000e\000n\000t\000a\000c\000i\000\363\000n\000\040\000d\000e\000l\000\040\000m\000e\000r\000c\000a\000d\000o\000\040\000o\000b\000j\000e\000t\000i\000v\000o}{section*.198}% 54
\BOOKMARK [3][-]{section*.201}{\376\377\000E\000s\000t\000r\000a\000t\000e\000g\000i\000a\000\040\000d\000e\000\040\000p\000e\000n\000e\000t\000r\000a\000c\000i\000\363\000n\000\040\000e\000n\000\040\000e\000l\000\040\000m\000e\000r\000c\000a\000d\000o}{section*.198}% 55
\BOOKMARK [3][-]{section*.202}{\376\377\000M\000o\000d\000e\000l\000o\000\040\000d\000e\000\040\000i\000n\000g\000r\000e\000s\000o\000s}{section*.198}% 56
\BOOKMARK [3][-]{section*.203}{\376\377\000T\000a\000m\000a\000\361\000o\000\040\000y\000\040\000c\000r\000e\000c\000i\000m\000i\000e\000n\000t\000o\000\040\000d\000e\000l\000\040\000m\000e\000r\000c\000a\000d\000o\000\040\000d\000e\000\040\000a\000s\000i\000s\000t\000e\000n\000t\000e\000s\000\040\000v\000i\000r\000t\000u\000a\000l\000e\000s}{section*.198}% 57
\BOOKMARK [3][-]{section*.204}{\376\377\000M\000e\000r\000c\000a\000d\000o\000\040\000d\000e\000\040\000h\000i\000p\000e\000r\000p\000e\000r\000s\000o\000n\000a\000l\000i\000z\000a\000c\000i\000\363\000n}{section*.198}% 58
\BOOKMARK [3][-]{section*.205}{\376\377\000A\000d\000o\000p\000c\000i\000\363\000n\000\040\000d\000e\000\040\000a\000s\000i\000s\000t\000e\000n\000t\000e\000s\000\040\000v\000i\000r\000t\000u\000a\000l\000e\000s\000\040\000e\000n\000\040\000a\000m\000\351\000r\000i\000c\000a\000\040\000l\000a\000t\000i\000n\000a}{section*.198}% 59
\BOOKMARK [3][-]{section*.206}{\376\377\000P\000r\000o\000y\000e\000c\000c\000i\000\363\000n\000\040\000d\000e\000\040\000V\000e\000n\000t\000a\000s}{section*.198}% 60
\BOOKMARK [3][-]{section*.211}{\376\377\000S\000i\000m\000u\000l\000a\000c\000i\000\363\000n\000\040\000c\000o\000n\000\040\000e\000l\000\040\000M\000\351\000t\000o\000d\000o\000\040\000D\000e\000l\000p\000h\000i\000\040\000S\000i\000m\000u\000l\000a\000d\000o}{section*.198}% 61
\BOOKMARK [3][-]{section*.220}{\376\377\000P\000r\000o\000y\000e\000c\000c\000i\000\363\000n\000\040\000M\000o\000n\000e\000t\000a\000r\000i\000a\000\040\000p\000o\000r\000\040\000E\000s\000c\000e\000n\000a\000r\000i\000o\000s}{section*.198}% 62
\BOOKMARK [2][-]{section*.223}{\376\377\000P\000r\000o\000y\000e\000c\000c\000i\000\363\000n\000\040\000d\000e\000\040\000c\000o\000s\000t\000o\000s}{section*.168}% 63
\BOOKMARK [3][-]{section*.224}{\376\377\000D\000e\000s\000a\000r\000r\000o\000l\000l\000o\000\040\000d\000e\000l\000\040\000s\000i\000s\000t\000e\000m\000a}{section*.223}% 64
\BOOKMARK [3][-]{section*.232}{\376\377\000I\000m\000p\000l\000e\000m\000e\000n\000t\000a\000c\000i\000\363\000n}{section*.223}% 65
\BOOKMARK [3][-]{section*.235}{\376\377\000S\000o\000p\000o\000r\000t\000e\000\040\000y\000\040\000m\000o\000n\000i\000t\000o\000r\000e\000o}{section*.223}% 66
\BOOKMARK [3][-]{section*.238}{\376\377\000C\000o\000s\000t\000o\000s\000\040\000f\000i\000j\000o\000s}{section*.223}% 67
\BOOKMARK [3][-]{section*.247}{\376\377\000I\000n\000f\000r\000a\000e\000s\000t\000r\000u\000c\000t\000u\000r\000a\000\040\000y\000\040\000o\000p\000e\000r\000a\000c\000i\000\363\000n}{section*.223}% 68
\BOOKMARK [3][-]{section*.251}{\376\377\000R\000e\000s\000u\000m\000e\000n}{section*.223}% 69
\BOOKMARK [3][-]{section*.252}{\376\377\000O\000t\000r\000o\000s\000\040\000c\000o\000s\000t\000o\000s\000\040\000v\000a\000r\000i\000a\000b\000l\000e\000s}{section*.223}% 70
\BOOKMARK [2][-]{section*.255}{\376\377\000E\000v\000a\000l\000u\000a\000c\000i\000\363\000n\000\040\000F\000i\000n\000a\000n\000c\000i\000e\000r\000a}{section*.168}% 71
\BOOKMARK [3][-]{section*.256}{\376\377\000M\000\341\000r\000g\000e\000n\000e\000s\000\040\000d\000e\000\040\000c\000o\000n\000t\000r\000i\000b\000u\000c\000i\000\363\000n}{section*.255}% 72
\BOOKMARK [3][-]{section*.259}{\376\377\000T\000a\000s\000a\000s\000\040\000p\000a\000r\000a\000\040\000l\000a\000\040\000v\000a\000l\000u\000a\000c\000i\000\363\000n\000\040\000d\000e\000l\000\040\000p\000r\000o\000y\000e\000c\000t\000o}{section*.255}% 73
\BOOKMARK [3][-]{section*.264}{\376\377\000E\000v\000a\000l\000u\000a\000c\000i\000\363\000n\000\040\000m\000o\000n\000e\000t\000a\000r\000i\000a\000\040\000d\000e\000l\000\040\000p\000r\000o\000y\000e\000c\000t\000o}{section*.255}% 74
\BOOKMARK [1][-]{section*.274}{\376\377\000B\000i\000b\000l\000i\000o\000g\000r\000a\000f\000\355\000a}{}% 75
